../Core/Inc/FEB_CAN_NODE.h:29:6:Store_EMERGENCY_Msg	24	static
../Core/Inc/FEB_CAN_NODE.h:55:6:Store_BMS_Msg	24	static
../Core/Inc/FEB_CAN_NODE.h:87:6:Store_SW_Msg	24	static
../Core/Inc/FEB_CAN_NODE.h:125:6:Store_APPS_Msg	24	static
../Core/Inc/FEB_CAN_NODE.h:159:22:assign_filter_array	16	static
../Core/Inc/FEB_CAN_NODE.h:177:19:assign_filter_array_legnth	16	static
../Core/Inc/FEB_CAN_NODE.h:195:6:store_msg	16	static
../Core/Inc/FEB_CAN.h:14:6:FEB_CAN_Filter_Config	112	static
../Core/Inc/FEB_CAN.h:54:6:FEB_CAN_Init	32	static
../Core/Inc/FEB_CAN.h:88:6:FEB_CAN_Receive	16	static
../Core/Inc/FEB_CAN.h:103:6:FEB_CAN_Transmit	24	static
../Core/Inc/FEB_CAN.h:121:6:HAL_CAN_RxFifo0MsgPendingCallback	16	static
../Core/Inc/FEB_CAN.h:125:6:HAL_CAN_RxFifo1MsgPendingCallback	16	static
../Core/Src/main.c:87:5:main	192	static
../Core/Src/main.c:307:6:SystemClock_Config	88	static
../Core/Src/main.c:354:13:MX_CAN1_Init	8	static
../Core/Src/main.c:391:13:MX_I2C1_Init	8	static
../Core/Src/main.c:425:13:MX_TIM2_Init	64	static
../Core/Src/main.c:484:13:MX_TIM13_Init	8	static
../Core/Src/main.c:515:13:MX_TIM14_Init	8	static
../Core/Src/main.c:546:13:MX_USART2_UART_Init	8	static
../Core/Src/main.c:579:13:MX_GPIO_Init	48	static
../Core/Src/main.c:613:6:HAL_TIM_PeriodElapsedCallback	16	static
../Core/Src/main.c:649:6:Error_Handler	4	static,ignoring_inline_asm
