../Core/Inc/FEB_CAN_NODE.h:29:6:Store_EMERGENCY_Msg	24	static
../Core/Inc/FEB_CAN_NODE.h:55:6:Store_BMS_Msg	24	static
../Core/Inc/FEB_CAN_NODE.h:87:6:Store_SW_Msg	24	static
../Core/Inc/FEB_CAN_NODE.h:125:6:Store_APPS_Msg	24	static
../Core/Inc/FEB_CAN_NODE.h:163:22:assign_filter_array	16	static
../Core/Inc/FEB_CAN_NODE.h:181:19:assign_filter_array_legnth	16	static
../Core/Inc/FEB_CAN_NODE.h:199:6:store_msg	16	static
../Core/Inc/FEB_CAN.h:12:6:FEB_CAN_Filter_Config	72	static
../Core/Inc/FEB_CAN.h:34:6:FEB_CAN_Init	32	static
../Core/Inc/FEB_CAN.h:68:6:FEB_CAN_Receive	16	static
../Core/Inc/FEB_CAN.h:75:6:FEB_CAN_Transmit	24	static
../Core/Inc/FEB_CAN.h:93:6:HAL_CAN_RxFifo0MsgPendingCallback	16	static
../Core/Inc/FEB_CAN.h:97:6:HAL_CAN_RxFifo1MsgPendingCallback	16	static
../Core/Src/main.c:87:5:main	176	static
../Core/Src/main.c:299:6:SystemClock_Config	88	static
../Core/Src/main.c:346:13:MX_CAN1_Init	8	static
../Core/Src/main.c:383:13:MX_I2C1_Init	8	static
../Core/Src/main.c:417:13:MX_TIM2_Init	64	static
../Core/Src/main.c:476:13:MX_TIM13_Init	8	static
../Core/Src/main.c:507:13:MX_TIM14_Init	8	static
../Core/Src/main.c:538:13:MX_USART2_UART_Init	8	static
../Core/Src/main.c:571:13:MX_GPIO_Init	48	static
../Core/Src/main.c:605:6:HAL_TIM_PeriodElapsedCallback	16	static
../Core/Src/main.c:641:6:Error_Handler	4	static,ignoring_inline_asm
