../Core/Src/LTC681x.c:77:6:wakeup_idle	16	static
../Core/Src/LTC681x.c:88:6:wakeup_sleep	16	static
../Core/Src/LTC681x.c:206:10:pec15_calc	8	static
../Core/Src/LTC681x.c:100:6:cmd_68	16	static
../Core/Src/LTC681x.c:121:6:write_68	24	static
../Core/Src/LTC681x.c:163:8:read_68	288	static
../Core/Src/LTC681x.c:223:6:LTC681x_wrcfg	288	static
../Core/Src/LTC681x.c:253:6:LTC681x_wrcfgb	288	static
../Core/Src/LTC681x.c:369:6:LTC681x_adcv	16	static
../Core/Src/LTC681x.c:386:6:LTC681x_adax	16	static
../Core/Src/LTC681x.c:402:6:LTC681x_adstat	16	static
../Core/Src/LTC681x.c:418:6:LTC681x_adcvsc	16	static
../Core/Src/LTC681x.c:434:6:LTC681x_adcvax	16	static
../Core/Src/LTC681x.c:713:6:LTC681x_rdcv_reg	24	static
../Core/Src/LTC681x.c:767:6:LTC681x_rdaux_reg	24	static
../Core/Src/LTC681x.c:816:6:LTC681x_rdstat_reg	24	static
../Core/Src/LTC681x.c:852:8:parse_cells	24	static
../Core/Src/LTC681x.c:897:9:LTC681x_pladc	16	static
../Core/Src/LTC681x.c:918:10:LTC681x_pollAdc	24	static
../Core/Src/LTC681x.c:956:6:LTC681x_clrcell	16	static
../Core/Src/LTC681x.c:967:6:LTC681x_clraux	16	static
../Core/Src/LTC681x.c:979:6:LTC681x_clrstat	16	static
../Core/Src/LTC681x.c:986:6:LTC681x_diagn	16	static
../Core/Src/LTC681x.c:993:6:LTC681x_cvst	16	static
../Core/Src/LTC681x.c:1009:6:LTC681x_axst	16	static
../Core/Src/LTC681x.c:1025:6:LTC681x_statst	16	static
../Core/Src/LTC681x.c:1041:6:LTC681x_adol	16	static
../Core/Src/LTC681x.c:1057:6:LTC681x_adaxd	16	static
../Core/Src/LTC681x.c:1073:6:LTC681x_adstatd	16	static
../Core/Src/LTC681x.c:1264:10:LTC681x_st_lookup	0	static
../Core/Src/LTC681x.c:1311:6:LTC681x_adow	16	static
../Core/Src/LTC681x.c:1329:6:LTC681x_axow	16	static
../Core/Src/LTC681x.c:1701:6:LTC681x_clear_discharge	8	static
../Core/Src/LTC681x.c:1715:6:LTC681x_wrpwm	288	static
../Core/Src/LTC681x.c:1757:8:LTC681x_rdpwm	312	static
../Core/Src/LTC681x.c:1810:6:LTC681x_wrsctrl	288	static
../Core/Src/LTC681x.c:1846:8:LTC681x_rdsctrl	312	static
../Core/Src/LTC681x.c:1898:6:LTC681x_stsctrl	16	static
../Core/Src/LTC681x.c:1919:6:LTC681x_clrsctrl	16	static
../Core/Src/LTC681x.c:1926:6:LTC681x_wrcomm	288	static
../Core/Src/LTC681x.c:1955:8:LTC681x_rdcomm	312	static
../Core/Src/LTC681x.c:1997:6:LTC681x_stcomm	24	static
../Core/Src/LTC681x.c:2018:6:LTC681x_check_pec	20	static
../Core/Src/LTC681x.c:283:8:LTC681x_rdcfg	304	static
../Core/Src/LTC681x.c:326:8:LTC681x_rdcfgb	312	static
../Core/Src/LTC681x.c:455:9:LTC681x_rdcv	48	static
../Core/Src/LTC681x.c:1177:10:LTC681x_run_adc_overlap	16	static
../Core/Src/LTC681x.c:1345:6:LTC681x_run_openwire_single	72	dynamic
../Core/Src/LTC681x.c:1435:7:LTC681x_run_openwire_multi	88	dynamic
../Core/Src/LTC681x.c:517:8:LTC681x_rdaux	48	static
../Core/Src/LTC681x.c:1609:6:LTC681x_run_gpio_openwire	56	dynamic
../Core/Src/LTC681x.c:579:8:LTC681x_rdstat	56	static
../Core/Src/LTC681x.c:1089:9:LTC681x_run_cell_adc_st	48	static
../Core/Src/LTC681x.c:1207:9:LTC681x_run_adc_redundancy_st	32	static
../Core/Src/LTC681x.c:2078:6:LTC681x_reset_crc_count	0	static
../Core/Src/LTC681x.c:2103:6:LTC681x_init_cfg	0	static
../Core/Src/LTC681x.c:2138:6:LTC681x_set_cfgr_refon	0	static
../Core/Src/LTC681x.c:2145:6:LTC681x_set_cfgr_adcopt	0	static
../Core/Src/LTC681x.c:2152:6:LTC681x_set_cfgr_gpio	16	static
../Core/Src/LTC681x.c:2162:6:LTC681x_set_cfgr_dis	16	static
../Core/Src/LTC681x.c:2177:6:LTC681x_set_cfgr_dcto	16	static
../Core/Src/LTC681x.c:2187:6:LTC681x_set_cfgr_uv	0	static
../Core/Src/LTC681x.c:2196:6:LTC681x_set_cfgr_ov	0	static
../Core/Src/LTC681x.c:2117:6:LTC681x_set_cfgr	40	static
