../Core/Src/LTC6811.c:66:6:LTC6811_init_reg_limits	20	static
../Core/Src/LTC6811.c:86:6:LTC6811_wrcfg	0	static
../Core/Src/LTC6811.c:94:8:LTC6811_rdcfg	0	static
../Core/Src/LTC6811.c:104:6:LTC6811_adcv	0	static
../Core/Src/LTC6811.c:113:6:LTC6811_adax	0	static
../Core/Src/LTC6811.c:121:6:LTC6811_adstat	0	static
../Core/Src/LTC6811.c:129:6:LTC6811_adcvax	0	static
../Core/Src/LTC6811.c:137:6:LTC6811_adcvsc	0	static
../Core/Src/LTC6811.c:149:9:LTC6811_rdcv	0	static
../Core/Src/LTC6811.c:164:8:LTC6811_rdaux	8	static
../Core/Src/LTC6811.c:180:8:LTC6811_rdstat	0	static
../Core/Src/LTC6811.c:191:9:LTC6811_pladc	0	static
../Core/Src/LTC6811.c:197:10:LTC6811_pollAdc	0	static
../Core/Src/LTC6811.c:206:6:LTC6811_clrcell	0	static
../Core/Src/LTC6811.c:215:6:LTC6811_clraux	0	static
../Core/Src/LTC6811.c:224:6:LTC6811_clrstat	0	static
../Core/Src/LTC6811.c:230:6:LTC6811_diagn	0	static
../Core/Src/LTC6811.c:236:6:LTC6811_cvst	0	static
../Core/Src/LTC6811.c:244:6:LTC6811_axst	0	static
../Core/Src/LTC6811.c:252:6:LTC6811_statst	0	static
../Core/Src/LTC6811.c:260:6:LTC6811_adol	0	static
../Core/Src/LTC6811.c:268:6:LTC6811_adaxd	0	static
../Core/Src/LTC6811.c:276:6:LTC6811_adstatd	0	static
../Core/Src/LTC6811.c:284:9:LTC6811_run_cell_adc_st	4	static
../Core/Src/LTC6811.c:297:10:LTC6811_run_adc_overlap	8	static
../Core/Src/LTC6811.c:307:9:LTC6811_run_adc_redundancy_st	8	static
../Core/Src/LTC6811.c:319:6:LTC6811_adow	0	static
../Core/Src/LTC6811.c:329:6:LTC6811_run_openwire_single	0	static
../Core/Src/LTC6811.c:337:6:LTC6811_run_openwire_multi	0	static
../Core/Src/LTC6811.c:345:6:LTC6811_set_discharge	16	static
../Core/Src/LTC6811.c:368:6:LTC6811_clear_discharge	0	static
../Core/Src/LTC6811.c:374:6:LTC6811_wrpwm	0	static
../Core/Src/LTC6811.c:384:8:LTC6811_rdpwm	0	static
../Core/Src/LTC6811.c:395:6:LTC6811_wrsctrl	0	static
../Core/Src/LTC6811.c:404:8:LTC6811_rdsctrl	0	static
../Core/Src/LTC6811.c:418:6:LTC6811_stsctrl	0	static
../Core/Src/LTC6811.c:428:6:LTC6811_clrsctrl	0	static
../Core/Src/LTC6811.c:434:6:LTC6811_wrcomm	0	static
../Core/Src/LTC6811.c:442:8:LTC6811_rdcomm	8	static
../Core/Src/LTC6811.c:452:6:LTC6811_stcomm	0	static
../Core/Src/LTC6811.c:458:6:LTC6811_check_pec	0	static
../Core/Src/LTC6811.c:467:6:LTC6811_reset_crc_count	0	static
../Core/Src/LTC6811.c:475:6:LTC6811_init_cfg	0	static
../Core/Src/LTC6811.c:483:6:LTC6811_set_cfgr	8	static
../Core/Src/LTC6811.c:498:6:LTC6811_set_cfgr_refon	0	static
../Core/Src/LTC6811.c:504:6:LTC6811_set_cfgr_adcopt	0	static
../Core/Src/LTC6811.c:510:6:LTC6811_set_cfgr_gpio	0	static
../Core/Src/LTC6811.c:516:6:LTC6811_set_cfgr_dis	0	static
../Core/Src/LTC6811.c:522:6:LTC6811_set_cfgr_dcto	0	static
../Core/Src/LTC6811.c:528:6:LTC6811_set_cfgr_uv	0	static
../Core/Src/LTC6811.c:534:6:LTC6811_set_cfgr_ov	0	static
