Archive member included to satisfy reference by file (symbol)

/Applications/STM32CubeIDE.app/Contents/Eclipse/plugins/com.st.stm32cube.ide.mcu.externaltools.gnu-tools-for-stm32.10.3-2021.10.macos64_1.0.0.202111181127/tools/bin/../lib/gcc/arm-none-eabi/10.3.1/../../../../arm-none-eabi/lib/thumb/v7e-m+fp/hard/libc_nano.a(lib_a-errno.o)
                              ./Core/Src/syscalls.o (__errno)
/Applications/STM32CubeIDE.app/Contents/Eclipse/plugins/com.st.stm32cube.ide.mcu.externaltools.gnu-tools-for-stm32.10.3-2021.10.macos64_1.0.0.202111181127/tools/bin/../lib/gcc/arm-none-eabi/10.3.1/../../../../arm-none-eabi/lib/thumb/v7e-m+fp/hard/libc_nano.a(lib_a-exit.o)
                              /Applications/STM32CubeIDE.app/Contents/Eclipse/plugins/com.st.stm32cube.ide.mcu.externaltools.gnu-tools-for-stm32.10.3-2021.10.macos64_1.0.0.202111181127/tools/bin/../lib/gcc/arm-none-eabi/10.3.1/../../../../arm-none-eabi/lib/thumb/v7e-m+fp/hard/crt0.o (exit)
/Applications/STM32CubeIDE.app/Contents/Eclipse/plugins/com.st.stm32cube.ide.mcu.externaltools.gnu-tools-for-stm32.10.3-2021.10.macos64_1.0.0.202111181127/tools/bin/../lib/gcc/arm-none-eabi/10.3.1/../../../../arm-none-eabi/lib/thumb/v7e-m+fp/hard/libc_nano.a(lib_a-impure.o)
                              /Applications/STM32CubeIDE.app/Contents/Eclipse/plugins/com.st.stm32cube.ide.mcu.externaltools.gnu-tools-for-stm32.10.3-2021.10.macos64_1.0.0.202111181127/tools/bin/../lib/gcc/arm-none-eabi/10.3.1/../../../../arm-none-eabi/lib/thumb/v7e-m+fp/hard/libc_nano.a(lib_a-exit.o) (_global_impure_ptr)
/Applications/STM32CubeIDE.app/Contents/Eclipse/plugins/com.st.stm32cube.ide.mcu.externaltools.gnu-tools-for-stm32.10.3-2021.10.macos64_1.0.0.202111181127/tools/bin/../lib/gcc/arm-none-eabi/10.3.1/../../../../arm-none-eabi/lib/thumb/v7e-m+fp/hard/libc_nano.a(lib_a-init.o)
                              /Applications/STM32CubeIDE.app/Contents/Eclipse/plugins/com.st.stm32cube.ide.mcu.externaltools.gnu-tools-for-stm32.10.3-2021.10.macos64_1.0.0.202111181127/tools/bin/../lib/gcc/arm-none-eabi/10.3.1/../../../../arm-none-eabi/lib/thumb/v7e-m+fp/hard/crt0.o (__libc_init_array)
/Applications/STM32CubeIDE.app/Contents/Eclipse/plugins/com.st.stm32cube.ide.mcu.externaltools.gnu-tools-for-stm32.10.3-2021.10.macos64_1.0.0.202111181127/tools/bin/../lib/gcc/arm-none-eabi/10.3.1/../../../../arm-none-eabi/lib/thumb/v7e-m+fp/hard/libc_nano.a(lib_a-malloc.o)
                              ./Core/Src/LTC681x.o (malloc)
/Applications/STM32CubeIDE.app/Contents/Eclipse/plugins/com.st.stm32cube.ide.mcu.externaltools.gnu-tools-for-stm32.10.3-2021.10.macos64_1.0.0.202111181127/tools/bin/../lib/gcc/arm-none-eabi/10.3.1/../../../../arm-none-eabi/lib/thumb/v7e-m+fp/hard/libc_nano.a(lib_a-memset.o)
                              /Applications/STM32CubeIDE.app/Contents/Eclipse/plugins/com.st.stm32cube.ide.mcu.externaltools.gnu-tools-for-stm32.10.3-2021.10.macos64_1.0.0.202111181127/tools/bin/../lib/gcc/arm-none-eabi/10.3.1/../../../../arm-none-eabi/lib/thumb/v7e-m+fp/hard/crt0.o (memset)
/Applications/STM32CubeIDE.app/Contents/Eclipse/plugins/com.st.stm32cube.ide.mcu.externaltools.gnu-tools-for-stm32.10.3-2021.10.macos64_1.0.0.202111181127/tools/bin/../lib/gcc/arm-none-eabi/10.3.1/../../../../arm-none-eabi/lib/thumb/v7e-m+fp/hard/libc_nano.a(lib_a-nano-freer.o)
                              /Applications/STM32CubeIDE.app/Contents/Eclipse/plugins/com.st.stm32cube.ide.mcu.externaltools.gnu-tools-for-stm32.10.3-2021.10.macos64_1.0.0.202111181127/tools/bin/../lib/gcc/arm-none-eabi/10.3.1/../../../../arm-none-eabi/lib/thumb/v7e-m+fp/hard/libc_nano.a(lib_a-malloc.o) (_free_r)
/Applications/STM32CubeIDE.app/Contents/Eclipse/plugins/com.st.stm32cube.ide.mcu.externaltools.gnu-tools-for-stm32.10.3-2021.10.macos64_1.0.0.202111181127/tools/bin/../lib/gcc/arm-none-eabi/10.3.1/../../../../arm-none-eabi/lib/thumb/v7e-m+fp/hard/libc_nano.a(lib_a-nano-mallocr.o)
                              /Applications/STM32CubeIDE.app/Contents/Eclipse/plugins/com.st.stm32cube.ide.mcu.externaltools.gnu-tools-for-stm32.10.3-2021.10.macos64_1.0.0.202111181127/tools/bin/../lib/gcc/arm-none-eabi/10.3.1/../../../../arm-none-eabi/lib/thumb/v7e-m+fp/hard/libc_nano.a(lib_a-malloc.o) (_malloc_r)
/Applications/STM32CubeIDE.app/Contents/Eclipse/plugins/com.st.stm32cube.ide.mcu.externaltools.gnu-tools-for-stm32.10.3-2021.10.macos64_1.0.0.202111181127/tools/bin/../lib/gcc/arm-none-eabi/10.3.1/../../../../arm-none-eabi/lib/thumb/v7e-m+fp/hard/libc_nano.a(lib_a-nano-vfprintf_float.o)
                              (_printf_float)
/Applications/STM32CubeIDE.app/Contents/Eclipse/plugins/com.st.stm32cube.ide.mcu.externaltools.gnu-tools-for-stm32.10.3-2021.10.macos64_1.0.0.202111181127/tools/bin/../lib/gcc/arm-none-eabi/10.3.1/../../../../arm-none-eabi/lib/thumb/v7e-m+fp/hard/libc_nano.a(lib_a-nano-vfprintf_i.o)
[...]
Memory Configuration

Name             Origin             Length             Attributes
RAM              0x0000000020000000 0x0000000000020000 xrw
FLASH            0x0000000008000000 0x0000000000080000 xr
*default*        0x0000000000000000 0xffffffffffffffff

Linker script and memory map

LOAD /Applications/STM32CubeIDE.app/Contents/Eclipse/plugins/com.st.stm32cube.ide.mcu.externaltools.gnu-tools-for-stm32.10.3-2021.10.macos64_1.0.0.202111181127/tools/bin/../lib/gcc/arm-none-eabi/10.3.1/thumb/v7e-m+fp/hard/crti.o
LOAD /Applications/STM32CubeIDE.app/Contents/Eclipse/plugins/com.st.stm32cube.ide.mcu.externaltools.gnu-tools-for-stm32.10.3-2021.10.macos64_1.0.0.202111181127/tools/bin/../lib/gcc/arm-none-eabi/10.3.1/thumb/v7e-m+fp/hard/crtbegin.o
LOAD /Applications/STM32CubeIDE.app/Contents/Eclipse/plugins/com.st.stm32cube.ide.mcu.externaltools.gnu-tools-for-stm32.10.3-2021.10.macos64_1.0.0.202111181127/tools/bin/../lib/gcc/arm-none-eabi/10.3.1/../../../../arm-none-eabi/lib/thumb/v7e-m+fp/hard/crt0.o
LOAD ./Core/Src/FEB_BMS_Precharge.o
LOAD ./Core/Src/FEB_BMS_Shutdown.o
LOAD ./Core/Src/FEB_BMS_State.o
LOAD ./Core/Src/FEB_CAN.o
LOAD ./Core/Src/FEB_CAN_Charger.o
LOAD ./Core/Src/FEB_CAN_IVT.o
LOAD ./Core/Src/FEB_Fan.o
LOAD ./Core/Src/FEB_LTC6811.o
LOAD ./Core/Src/FEB_LTC6811_Temp_LUT.o
LOAD ./Core/Src/FEB_Timer.o
LOAD ./Core/Src/LTC6811.o
LOAD ./Core/Src/LTC681x.o
LOAD ./Core/Src/bms_hardware.o
LOAD ./Core/Src/main.o
LOAD ./Core/Src/stm32f4xx_hal_msp.o
LOAD ./Core/Src/stm32f4xx_it.o
LOAD ./Core/Src/syscalls.o
LOAD ./Core/Src/sysmem.o
LOAD ./Core/Src/system_stm32f4xx.o
LOAD ./Core/Startup/startup_stm32f446retx.o
LOAD ./Drivers/STM32F4xx_HAL_Driver/Src/stm32f4xx_hal.o
LOAD ./Drivers/STM32F4xx_HAL_Driver/Src/stm32f4xx_hal_adc.o
LOAD ./Drivers/STM32F4xx_HAL_Driver/Src/stm32f4xx_hal_adc_ex.o
LOAD ./Drivers/STM32F4xx_HAL_Driver/Src/stm32f4xx_hal_can.o
LOAD ./Drivers/STM32F4xx_HAL_Driver/Src/stm32f4xx_hal_cortex.o
LOAD ./Drivers/STM32F4xx_HAL_Driver/Src/stm32f4xx_hal_dma.o
LOAD ./Drivers/STM32F4xx_HAL_Driver/Src/stm32f4xx_hal_dma_ex.o
LOAD ./Drivers/STM32F4xx_HAL_Driver/Src/stm32f4xx_hal_exti.o
LOAD ./Drivers/STM32F4xx_HAL_Driver/Src/stm32f4xx_hal_flash.o
LOAD ./Drivers/STM32F4xx_HAL_Driver/Src/stm32f4xx_hal_flash_ex.o
LOAD ./Drivers/STM32F4xx_HAL_Driver/Src/stm32f4xx_hal_flash_ramfunc.o
LOAD ./Drivers/STM32F4xx_HAL_Driver/Src/stm32f4xx_hal_gpio.o
LOAD ./Drivers/STM32F4xx_HAL_Driver/Src/stm32f4xx_hal_pwr.o
LOAD ./Drivers/STM32F4xx_HAL_Driver/Src/stm32f4xx_hal_pwr_ex.o
LOAD ./Drivers/STM32F4xx_HAL_Driver/Src/stm32f4xx_hal_rcc.o
LOAD ./Drivers/STM32F4xx_HAL_Driver/Src/stm32f4xx_hal_rcc_ex.o
LOAD ./Drivers/STM32F4xx_HAL_Driver/Src/stm32f4xx_hal_spi.o
LOAD ./Drivers/STM32F4xx_HAL_Driver/Src/stm32f4xx_hal_tim.o
LOAD ./Drivers/STM32F4xx_HAL_Driver/Src/stm32f4xx_hal_tim_ex.o
LOAD ./Drivers/STM32F4xx_HAL_Driver/Src/stm32f4xx_hal_uart.o
LOAD ./Drivers/STM32F4xx_HAL_Driver/Src/stm32f4xx_ll_adc.o
START GROUP
LOAD /Applications/STM32CubeIDE.app/Contents/Eclipse/plugins/com.st.stm32cube.ide.mcu.externaltools.gnu-tools-for-stm32.10.3-2021.10.macos64_1.0.0.202111181127/tools/bin/../lib/gcc/arm-none-eabi/10.3.1/../../../../arm-none-eabi/lib/thumb/v7e-m+fp/hard/libc_nano.a
LOAD /Applications/STM32CubeIDE.app/Contents/Eclipse/plugins/com.st.stm32cube.ide.mcu.externaltools.gnu-tools-for-stm32.10.3-2021.10.macos64_1.0.0.202111181127/tools/bin/../lib/gcc/arm-none-eabi/10.3.1/../../../../arm-none-eabi/lib/thumb/v7e-m+fp/hard/libm.a
END GROUP
START GROUP
LOAD /Applications/STM32CubeIDE.app/Contents/Eclipse/plugins/com.st.stm32cube.ide.mcu.externaltools.gnu-tools-for-stm32.10.3-2021.10.macos64_1.0.0.202111181127/tools/bin/../lib/gcc/arm-none-eabi/10.3.1/thumb/v7e-m+fp/hard/libgcc.a
LOAD /Applications/STM32CubeIDE.app/Contents/Eclipse/plugins/com.st.stm32cube.ide.mcu.externaltools.gnu-tools-for-stm32.10.3-2021.10.macos64_1.0.0.202111181127/tools/bin/../lib/gcc/arm-none-eabi/10.3.1/../../../../arm-none-eabi/lib/thumb/v7e-m+fp/hard/libc_nano.a
END GROUP
START GROUP
LOAD /Applications/STM32CubeIDE.app/Contents/Eclipse/plugins/com.st.stm32cube.ide.mcu.externaltools.gnu-tools-for-stm32.10.3-2021.10.macos64_1.0.0.202111181127/tools/bin/../lib/gcc/arm-none-eabi/10.3.1/thumb/v7e-m+fp/hard/libgcc.a
LOAD /Applications/STM32CubeIDE.app/Contents/Eclipse/plugins/com.st.stm32cube.ide.mcu.externaltools.gnu-tools-for-stm32.10.3-2021.10.macos64_1.0.0.202111181127/tools/bin/../lib/gcc/arm-none-eabi/10.3.1/../../../../arm-none-eabi/lib/thumb/v7e-m+fp/hard/libc_nano.a
LOAD /Applications/STM32CubeIDE.app/Contents/Eclipse/plugins/com.st.stm32cube.ide.mcu.externaltools.gnu-tools-for-stm32.10.3-2021.10.macos64_1.0.0.202111181127/tools/bin/../lib/gcc/arm-none-eabi/10.3.1/../../../../arm-none-eabi/lib/thumb/v7e-m+fp/hard/libnosys.a
END GROUP
START GROUP
LOAD /Applications/STM32CubeIDE.app/Contents/Eclipse/plugins/com.st.stm32cube.ide.mcu.externaltools.gnu-tools-for-stm32.10.3-2021.10.macos64_1.0.0.202111181127/tools/bin/../lib/gcc/arm-none-eabi/10.3.1/thumb/v7e-m+fp/hard/libgcc.a
LOAD /Applications/STM32CubeIDE.app/Contents/Eclipse/plugins/com.st.stm32cube.ide.mcu.externaltools.gnu-tools-for-stm32.10.3-2021.10.macos64_1.0.0.202111181127/tools/bin/../lib/gcc/arm-none-eabi/10.3.1/../../../../arm-none-eabi/lib/thumb/v7e-m+fp/hard/libc_nano.a
LOAD /Applications/STM32CubeIDE.app/Contents/Eclipse/plugins/com.st.stm32cube.ide.mcu.externaltools.gnu-tools-for-stm32.10.3-2021.10.macos64_1.0.0.202111181127/tools/bin/../lib/gcc/arm-none-eabi/10.3.1/../../../../arm-none-eabi/lib/thumb/v7e-m+fp/hard/libnosys.a
END GROUP
LOAD /Applications/STM32CubeIDE.app/Contents/Eclipse/plugins/com.st.stm32cube.ide.mcu.externaltools.gnu-tools-for-stm32.10.3-2021.10.macos64_1.0.0.202111181127/tools/bin/../lib/gcc/arm-none-eabi/10.3.1/thumb/v7e-m+fp/hard/crtend.o
LOAD /Applications/STM32CubeIDE.app/Contents/Eclipse/plugins/com.st.stm32cube.ide.mcu.externaltools.gnu-tools-for-stm32.10.3-2021.10.macos64_1.0.0.202111181127/tools/bin/../lib/gcc/arm-none-eabi/10.3.1/thumb/v7e-m+fp/hard/crtn.o
                0x0000000020020000                _estack = (ORIGIN (RAM) + LENGTH (RAM))
                0x0000000000000200                _Min_Heap_Size = 0x200
                0x0000000000000400                _Min_Stack_Size = 0x400

.isr_vector     0x0000000008000000      0x1c4
                0x0000000008000000                . = ALIGN (0x4)
 *(.isr_vector)
 .isr_vector    0x0000000008000000      0x1c4 ./Core/Startup/startup_stm32f446retx.o
                0x0000000008000000                g_pfnVectors
                0x00000000080001c4                . = ALIGN (0x4)

.text           0x00000000080001d0     0xbd8c
                0x00000000080001d0                . = ALIGN (0x4)
 *(.text)
 .text          0x00000000080001d0       0x40 /Applications/STM32CubeIDE.app/Contents/Eclipse/plugins/com.st.stm32cube.ide.mcu.externaltools.gnu-tools-for-stm32.10.3-2021.10.macos64_1.0.0.202111181127/tools/bin/../lib/gcc/arm-none-eabi/10.3.1/thumb/v7e-m+fp/hard/crtbegin.o
 .text          0x0000000008000210       0x10 /Applications/STM32CubeIDE.app/Contents/Eclipse/plugins/com.st.stm32cube.ide.mcu.externaltools.gnu-tools-for-stm32.10.3-2021.10.macos64_1.0.0.202111181127/tools/bin/../lib/gcc/arm-none-eabi/10.3.1/../../../../arm-none-eabi/lib/thumb/v7e-m+fp/hard/libc_nano.a(lib_a-strlen.o)
                0x0000000008000210                strlen
 .text          0x0000000008000220       0xa0 /Applications/STM32CubeIDE.app/Contents/Eclipse/plugins/com.st.stm32cube.ide.mcu.externaltools.gnu-tools-for-stm32.10.3-2021.10.macos64_1.0.0.202111181127/tools/bin/../lib/gcc/arm-none-eabi/10.3.1/../../../../arm-none-eabi/lib/thumb/v7e-m+fp/hard/libc_nano.a(lib_a-memchr.o)
                0x0000000008000220                memchr
 .text          0x00000000080002c0      0x378 /Applications/STM32CubeIDE.app/Contents/Eclipse/plugins/com.st.stm32cube.ide.mcu.externaltools.gnu-tools-for-stm32.10.3-2021.10.macos64_1.0.0.202111181127/tools/bin/../lib/gcc/arm-none-eabi/10.3.1/thumb/v7e-m+fp/hard/libgcc.a(_arm_addsubdf3.o)
                0x00000000080002c0                __aeabi_drsub
                0x00000000080002c8                __subdf3
                0x00000000080002c8                __aeabi_dsub
                0x00000000080002cc                __aeabi_dadd
                0x00000000080002cc                __adddf3
                0x0000000008000544                __aeabi_ui2d
                0x0000000008000544                __floatunsidf
                0x0000000008000564                __floatsidf
                0x0000000008000564                __aeabi_i2d
                0x0000000008000588                __extendsfdf2
                0x0000000008000588                __aeabi_f2d
                0x00000000080005cc                __aeabi_ul2d
                0x00000000080005cc                __floatundidf
                0x00000000080005dc                __aeabi_l2d
                0x00000000080005dc                __floatdidf
 .text          0x0000000008000638      0x424 /Applications/STM32CubeIDE.app/Contents/Eclipse/plugins/com.st.stm32cube.ide.mcu.externaltools.gnu-tools-for-stm32.10.3-2021.10.macos64_1.0.0.202111181127/tools/bin/../lib/gcc/arm-none-eabi/10.3.1/thumb/v7e-m+fp/hard/libgcc.a(_arm_muldivdf3.o)
                0x0000000008000638                __aeabi_dmul
                0x0000000008000638                __muldf3
                0x000000000800088c                __aeabi_ddiv
                0x000000000800088c                __divdf3
 .text          0x0000000008000a5c      0x110 /Applications/STM32CubeIDE.app/Contents/Eclipse/plugins/com.st.stm32cube.ide.mcu.externaltools.gnu-tools-for-stm32.10.3-2021.10.macos64_1.0.0.202111181127/tools/bin/../lib/gcc/arm-none-eabi/10.3.1/thumb/v7e-m+fp/hard/libgcc.a(_arm_cmpdf2.o)
                0x0000000008000a5c                __gedf2
                0x0000000008000a5c                __gtdf2
                0x0000000008000a64                __ledf2
                0x0000000008000a64                __ltdf2
                0x0000000008000a6c                __cmpdf2
                0x0000000008000a6c                __eqdf2
                0x0000000008000a6c                __nedf2
                0x0000000008000ae8                __aeabi_cdrcmple
                0x0000000008000af8                __aeabi_cdcmple
                0x0000000008000af8                __aeabi_cdcmpeq
                0x0000000008000b08                __aeabi_dcmpeq
                0x0000000008000b1c                __aeabi_dcmplt
                0x0000000008000b30                __aeabi_dcmple
                0x0000000008000b44                __aeabi_dcmpge
                0x0000000008000b58                __aeabi_dcmpgt
 .text          0x0000000008000b6c       0x2c /Applications/STM32CubeIDE.app/Contents/Eclipse/plugins/com.st.stm32cube.ide.mcu.externaltools.gnu-tools-for-stm32.10.3-2021.10.macos64_1.0.0.202111181127/tools/bin/../lib/gcc/arm-none-eabi/10.3.1/thumb/v7e-m+fp/hard/libgcc.a(_arm_unorddf2.o)
                0x0000000008000b6c                __aeabi_dcmpun
                0x0000000008000b6c                __unorddf2
 .text          0x0000000008000b98       0x50 /Applications/STM32CubeIDE.app/Contents/Eclipse/plugins/com.st.stm32cube.ide.mcu.externaltools.gnu-tools-for-stm32.10.3-2021.10.macos64_1.0.0.202111181127/tools/bin/../lib/gcc/arm-none-eabi/10.3.1/thumb/v7e-m+fp/hard/libgcc.a(_arm_fixdfsi.o)
                0x0000000008000b98                __fixdfsi
                0x0000000008000b98                __aeabi_d2iz
 .text          0x0000000008000be8       0x40 /Applications/STM32CubeIDE.app/Contents/Eclipse/plugins/com.st.stm32cube.ide.mcu.externaltools.gnu-tools-for-stm32.10.3-2021.10.macos64_1.0.0.202111181127/tools/bin/../lib/gcc/arm-none-eabi/10.3.1/thumb/v7e-m+fp/hard/libgcc.a(_arm_fixunsdfsi.o)
                0x0000000008000be8                __fixunsdfsi
                0x0000000008000be8                __aeabi_d2uiz
 .text          0x0000000008000c28       0xa0 /Applications/STM32CubeIDE.app/Contents/Eclipse/plugins/com.st.stm32cube.ide.mcu.externaltools.gnu-tools-for-stm32.10.3-2021.10.macos64_1.0.0.202111181127/tools/bin/../lib/gcc/arm-none-eabi/10.3.1/thumb/v7e-m+fp/hard/libgcc.a(_arm_truncdfsf2.o)
                0x0000000008000c28                __aeabi_d2f
                0x0000000008000c28                __truncdfsf2
 .text          0x0000000008000cc8       0x30 /Applications/STM32CubeIDE.app/Contents/Eclipse/plugins/com.st.stm32cube.ide.mcu.externaltools.gnu-tools-for-stm32.10.3-2021.10.macos64_1.0.0.202111181127/tools/bin/../lib/gcc/arm-none-eabi/10.3.1/thumb/v7e-m+fp/hard/libgcc.a(_aeabi_uldivmod.o)
                0x0000000008000cc8                __aeabi_uldivmod
 .text          0x0000000008000cf8      0x2d0 /Applications/STM32CubeIDE.app/Contents/Eclipse/plugins/com.st.stm32cube.ide.mcu.externaltools.gnu-tools-for-stm32.10.3-2021.10.macos64_1.0.0.202111181127/tools/bin/../lib/gcc/arm-none-eabi/10.3.1/thumb/v7e-m+fp/hard/libgcc.a(_udivmoddi4.o)
                0x0000000008000cf8                __udivmoddi4
 .text          0x0000000008000fc8        0x4 /Applications/STM32CubeIDE.app/Contents/Eclipse/plugins/com.st.stm32cube.ide.mcu.externaltools.gnu-tools-for-stm32.10.3-2021.10.macos64_1.0.0.202111181127/tools/bin/../lib/gcc/arm-none-eabi/10.3.1/thumb/v7e-m+fp/hard/libgcc.a(_dvmd_tls.o)
                0x0000000008000fc8                __aeabi_ldiv0
                0x0000000008000fc8                __aeabi_idiv0
 *(.text*)
 .text.FEB_BMS_Precharge_Open
                0x0000000008000fcc       0x18 ./Core/Src/FEB_BMS_Precharge.o
                0x0000000008000fcc                FEB_BMS_Precharge_Open
 .text.FEB_BMS_Precharge_Close
                0x0000000008000fe4       0x18 ./Core/Src/FEB_BMS_Precharge.o
                0x0000000008000fe4                FEB_BMS_Precharge_Close
 .text.FEB_BMS_Shutdown_Startup
                0x0000000008000ffc       0x18 ./Core/Src/FEB_BMS_Shutdown.o
                0x0000000008000ffc                FEB_BMS_Shutdown_Startup
 .text.FEB_BMS_Shutdown_Initiate
                0x0000000008001014       0x40 ./Core/Src/FEB_BMS_Shutdown.o
                0x0000000008001014                FEB_BMS_Shutdown_Initiate
 .text.FEB_BMS_State_Validate
                0x0000000008001054        0xe ./Core/Src/FEB_BMS_State.o
                0x0000000008001054                FEB_BMS_State_Validate
 *fill*         0x0000000008001062        0x2 
 .text.FEB_CAN_Init
                0x0000000008001064       0x30 ./Core/Src/FEB_CAN.o
                0x0000000008001064                FEB_CAN_Init
 .text.FEB_CAN_Filter_Config
                0x0000000008001094       0x40 ./Core/Src/FEB_CAN.o
                0x0000000008001094                FEB_CAN_Filter_Config
 .text.HAL_CAN_RxFifo0MsgPendingCallback
                0x00000000080010d4       0x44 ./Core/Src/FEB_CAN.o
                0x00000000080010d4                HAL_CAN_RxFifo0MsgPendingCallback
 .text.FEB_CAN_Charger_Init
                0x0000000008001118        0xe ./Core/Src/FEB_CAN_Charger.o
                0x0000000008001118                FEB_CAN_Charger_Init
 .text.FEB_CAN_Charger_Filter_Config
                0x0000000008001126       0x66 ./Core/Src/FEB_CAN_Charger.o
                0x0000000008001126                FEB_CAN_Charger_Filter_Config
 .text.FEB_CAN_Charger_Store_Msg
                0x000000000800118c       0x74 ./Core/Src/FEB_CAN_Charger.o
                0x000000000800118c                FEB_CAN_Charger_Store_Msg
 .text.FEB_CAN_Charger_Validate_Status
                0x0000000008001200       0x6a ./Core/Src/FEB_CAN_Charger.o
                0x0000000008001200                FEB_CAN_Charger_Validate_Status
 .text.FEB_CAN_Charger_Process
                0x000000000800126a       0x14 ./Core/Src/FEB_CAN_Charger.o
                0x000000000800126a                FEB_CAN_Charger_Process
 *fill*         0x000000000800127e        0x2 
 .text.FEB_CAN_IVT_Filter_Config
                0x0000000008001280       0x80 ./Core/Src/FEB_CAN_IVT.o
                0x0000000008001280                FEB_CAN_IVT_Filter_Config
 .text.FEB_CAN_IVT_Store_Msg
                0x0000000008001300      0x124 ./Core/Src/FEB_CAN_IVT.o
                0x0000000008001300                FEB_CAN_IVT_Store_Msg
 *fill*         0x0000000008001424        0x4 
 .text.FEB_CAN_IVT_Process
                0x0000000008001428      0x114 ./Core/Src/FEB_CAN_IVT.o
                0x0000000008001428                FEB_CAN_IVT_Process
 .text.unsignedToSignedLong
                0x000000000800153c       0x1e ./Core/Src/FEB_CAN_IVT.o
                0x000000000800153c                unsignedToSignedLong
 .text.FEB_Fan_Init
                0x000000000800155a       0x14 ./Core/Src/FEB_Fan.o
                0x000000000800155a                FEB_Fan_Init
 *fill*         0x000000000800156e        0x2 
 .text.FEB_Fan_PWM_Start
                0x0000000008001570       0x30 ./Core/Src/FEB_Fan.o
                0x0000000008001570                FEB_Fan_PWM_Start
 .text.FEB_Fan_Init_Speed_Set
                0x00000000080015a0       0x20 ./Core/Src/FEB_Fan.o
                0x00000000080015a0                FEB_Fan_Init_Speed_Set
 .text.FEB_Fan_1_Speed_Set
                0x00000000080015c0       0x30 ./Core/Src/FEB_Fan.o
                0x00000000080015c0                FEB_Fan_1_Speed_Set
 .text.FEB_Fan_2_Speed_Set
                0x00000000080015f0       0x30 ./Core/Src/FEB_Fan.o
                0x00000000080015f0                FEB_Fan_2_Speed_Set
 .text.FEB_Fan_3_Speed_Set
                0x0000000008001620       0x30 ./Core/Src/FEB_Fan.o
                0x0000000008001620                FEB_Fan_3_Speed_Set
 .text.FEB_Fan_4_Speed_Set
                0x0000000008001650       0x30 ./Core/Src/FEB_Fan.o
                0x0000000008001650                FEB_Fan_4_Speed_Set
 .text.FEB_Fan_Reset_Shift_Register
                0x0000000008001680       0x2c ./Core/Src/FEB_Fan.o
                0x0000000008001680                FEB_Fan_Reset_Shift_Register
 .text.FEB_LTC6811_Setup
                0x00000000080016ac       0x88 ./Core/Src/FEB_LTC6811.o
                0x00000000080016ac                FEB_LTC6811_Setup
 .text.FEB_LTC6811_Config_Cell_Discharge
                0x0000000008001734       0x54 ./Core/Src/FEB_LTC6811.o
                0x0000000008001734                FEB_LTC6811_Config_Cell_Discharge
 .text.FEB_LTC6811_Poll_Voltage
                0x0000000008001788       0x14 ./Core/Src/FEB_LTC6811.o
                0x0000000008001788                FEB_LTC6811_Poll_Voltage
 .text.FEB_LTC6811_Start_Cell_ADC_Measurement
                0x000000000800179c       0x1c ./Core/Src/FEB_LTC6811.o
                0x000000000800179c                FEB_LTC6811_Start_Cell_ADC_Measurement
 .text.FEB_LTC6811_Read_Cell_Voltage_Registers
                0x00000000080017b8       0x1c ./Core/Src/FEB_LTC6811.o
                0x00000000080017b8                FEB_LTC6811_Read_Cell_Voltage_Registers
 .text.FEB_LTC6811_Store_Voltage
                0x00000000080017d4      0x394 ./Core/Src/FEB_LTC6811.o
                0x00000000080017d4                FEB_LTC6811_Store_Voltage
 .text.FEB_LTC6811_Convert_Voltage
                0x0000000008001b68       0x54 ./Core/Src/FEB_LTC6811.o
                0x0000000008001b68                FEB_LTC6811_Convert_Voltage
 .text.FEB_LTC6811_Get_IC
                0x0000000008001bbc       0x34 ./Core/Src/FEB_LTC6811.o
                0x0000000008001bbc                FEB_LTC6811_Get_IC
 .text.FEB_LTC6811_Cell_Idx
                0x0000000008001bf0       0x20 ./Core/Src/FEB_LTC6811.o
                0x0000000008001bf0                FEB_LTC6811_Cell_Idx
 .text.FEB_LTC6811_Balance_Cells
                0x0000000008001c10        0xe ./Core/Src/FEB_LTC6811.o
                0x0000000008001c10                FEB_LTC6811_Balance_Cells
 *fill*         0x0000000008001c1e        0x2 
 .text.FEB_LTC6811_Configure_DCCBITS_A
                0x0000000008001c20       0x58 ./Core/Src/FEB_LTC6811.o
                0x0000000008001c20                FEB_LTC6811_Configure_DCCBITS_A
 .text.FEB_LTC6811_UART_Transmit_Discharge
                0x0000000008001c78      0x108 ./Core/Src/FEB_LTC6811.o
                0x0000000008001c78                FEB_LTC6811_UART_Transmit_Discharge
 .text.FEB_LTC6811_Validate_Voltage
                0x0000000008001d80       0x7c ./Core/Src/FEB_LTC6811.o
                0x0000000008001d80                FEB_LTC6811_Validate_Voltage
 .text.FEB_LTC6811_UART_Transmit_Voltage
                0x0000000008001dfc       0xf8 ./Core/Src/FEB_LTC6811.o
                0x0000000008001dfc                FEB_LTC6811_UART_Transmit_Voltage
 .text.FEB_LTC6811_Total_Bank_Voltage
                0x0000000008001ef4       0x70 ./Core/Src/FEB_LTC6811.o
                0x0000000008001ef4                FEB_LTC6811_Total_Bank_Voltage
 .text.FEB_LTC6811_Clear_Voltage
                0x0000000008001f64       0x58 ./Core/Src/FEB_LTC6811.o
                0x0000000008001f64                FEB_LTC6811_Clear_Voltage
 .text.FEB_LTC6811_Poll_Temperature
                0x0000000008001fbc       0x3a ./Core/Src/FEB_LTC6811.o
                0x0000000008001fbc                FEB_LTC6811_Poll_Temperature
 *fill*         0x0000000008001ff6        0x2 
 .text.FEB_LTC6811_Update_GPIO
                0x0000000008001ff8       0xdc ./Core/Src/FEB_LTC6811.o
                0x0000000008001ff8                FEB_LTC6811_Update_GPIO
 .text.FEB_LTC6811_Start_GPIO_ADC_Measurement
                0x00000000080020d4       0x1a ./Core/Src/FEB_LTC6811.o
                0x00000000080020d4                FEB_LTC6811_Start_GPIO_ADC_Measurement
 *fill*         0x00000000080020ee        0x2 
 .text.FEB_LTC6811_Read_Aux_Voltages
                0x00000000080020f0       0x1c ./Core/Src/FEB_LTC6811.o
                0x00000000080020f0                FEB_LTC6811_Read_Aux_Voltages
 .text.FEB_LTC6811_Store_Temperature
                0x000000000800210c      0x3c4 ./Core/Src/FEB_LTC6811.o
                0x000000000800210c                FEB_LTC6811_Store_Temperature
 .text.FEB_LTC6811_Convert_Temperature
                0x00000000080024d0       0x5c ./Core/Src/FEB_LTC6811.o
                0x00000000080024d0                FEB_LTC6811_Convert_Temperature
 .text.FEB_LTC6811_Validate_Temperature
                0x000000000800252c       0x88 ./Core/Src/FEB_LTC6811.o
                0x000000000800252c                FEB_LTC6811_Validate_Temperature
 .text.FEB_LTC6811_UART_Transmit_Temperature
                0x00000000080025b4       0xf8 ./Core/Src/FEB_LTC6811.o
                0x00000000080025b4                FEB_LTC6811_UART_Transmit_Temperature
 .text.FEB_LTC6811_Clear_Temperature
                0x00000000080026ac       0x58 ./Core/Src/FEB_LTC6811.o
                0x00000000080026ac                FEB_LTC6811_Clear_Temperature
 *fill*         0x0000000008002704        0x4 
 .text.FEB_LTC6811_Temp_LUT_Get_Temperature
                0x0000000008002708       0xc0 ./Core/Src/FEB_LTC6811_Temp_LUT.o
                0x0000000008002708                FEB_LTC6811_Temp_LUT_Get_Temperature
 .text.FEB_Timer_Init
                0x00000000080027c8       0x14 ./Core/Src/FEB_Timer.o
                0x00000000080027c8                FEB_Timer_Init
 .text.FEB_Timer_Delay_Micro
                0x00000000080027dc       0x34 ./Core/Src/FEB_Timer.o
                0x00000000080027dc                FEB_Timer_Delay_Micro
 .text.LTC6811_init_reg_limits
                0x0000000008002810       0x9a ./Core/Src/LTC6811.o
                0x0000000008002810                LTC6811_init_reg_limits
 .text.LTC6811_wrcfg
                0x00000000080028aa       0x1e ./Core/Src/LTC6811.o
                0x00000000080028aa                LTC6811_wrcfg
 .text.LTC6811_adcv
                0x00000000080028c8       0x26 ./Core/Src/LTC6811.o
                0x00000000080028c8                LTC6811_adcv
 .text.LTC6811_adax
                0x00000000080028ee       0x24 ./Core/Src/LTC6811.o
                0x00000000080028ee                LTC6811_adax
 .text.LTC6811_rdcv
                0x0000000008002912       0x2e ./Core/Src/LTC6811.o
                0x0000000008002912                LTC6811_rdcv
 .text.LTC6811_rdaux
                0x0000000008002940       0x2c ./Core/Src/LTC6811.o
                0x0000000008002940                LTC6811_rdaux
 .text.LTC6811_pollAdc
                0x000000000800296c        0xe ./Core/Src/LTC6811.o
                0x000000000800296c                LTC6811_pollAdc
 .text.LTC6811_reset_crc_count
                0x000000000800297a       0x1e ./Core/Src/LTC6811.o
                0x000000000800297a                LTC6811_reset_crc_count
 .text.LTC6811_init_cfg
                0x0000000008002998       0x1e ./Core/Src/LTC6811.o
                0x0000000008002998                LTC6811_init_cfg
 .text.LTC6811_set_cfgr
                0x00000000080029b6       0x42 ./Core/Src/LTC6811.o
                0x00000000080029b6                LTC6811_set_cfgr
 .text.wakeup_idle
                0x00000000080029f8       0x3a ./Core/Src/LTC681x.o
                0x00000000080029f8                wakeup_idle
 .text.wakeup_sleep
                0x0000000008002a32       0x42 ./Core/Src/LTC681x.o
                0x0000000008002a32                wakeup_sleep
 .text.cmd_68   0x0000000008002a74       0x54 ./Core/Src/LTC681x.o
                0x0000000008002a74                cmd_68
 .text.write_68
                0x0000000008002ac8      0x118 ./Core/Src/LTC681x.o
                0x0000000008002ac8                write_68
 .text.pec15_calc
                0x0000000008002be0       0x68 ./Core/Src/LTC681x.o
                0x0000000008002be0                pec15_calc
 .text.LTC681x_wrcfg
                0x0000000008002c48       0xfe ./Core/Src/LTC681x.o
                0x0000000008002c48                LTC681x_wrcfg
 .text.LTC681x_adcv
                0x0000000008002d46       0x56 ./Core/Src/LTC681x.o
                0x0000000008002d46                LTC681x_adcv
 .text.LTC681x_adax
                0x0000000008002d9c       0x4a ./Core/Src/LTC681x.o
                0x0000000008002d9c                LTC681x_adax
 .text.LTC681x_rdcv
                0x0000000008002de6      0x168 ./Core/Src/LTC681x.o
                0x0000000008002de6                LTC681x_rdcv
 .text.LTC681x_rdaux
                0x0000000008002f4e      0x150 ./Core/Src/LTC681x.o
                0x0000000008002f4e                LTC681x_rdaux
 .text.LTC681x_rdcv_reg
                0x000000000800309e       0xbc ./Core/Src/LTC681x.o
                0x000000000800309e                LTC681x_rdcv_reg
 .text.LTC681x_rdaux_reg
                0x000000000800315a       0xa6 ./Core/Src/LTC681x.o
                0x000000000800315a                LTC681x_rdaux_reg
 .text.parse_cells
                0x0000000008003200       0xe2 ./Core/Src/LTC681x.o
                0x0000000008003200                parse_cells
 *fill*         0x00000000080032e2        0x2 
 .text.LTC681x_pollAdc
                0x00000000080032e4       0x88 ./Core/Src/LTC681x.o
                0x00000000080032e4                LTC681x_pollAdc
 .text.LTC681x_check_pec
                0x000000000800336c      0x348 ./Core/Src/LTC681x.o
                0x000000000800336c                LTC681x_check_pec
 .text.LTC681x_reset_crc_count
                0x00000000080036b4       0xcc ./Core/Src/LTC681x.o
                0x00000000080036b4                LTC681x_reset_crc_count
 .text.LTC681x_init_cfg
                0x0000000008003780       0x54 ./Core/Src/LTC681x.o
                0x0000000008003780                LTC681x_init_cfg
 .text.LTC681x_set_cfgr
                0x00000000080037d4       0x74 ./Core/Src/LTC681x.o
                0x00000000080037d4                LTC681x_set_cfgr
 .text.LTC681x_set_cfgr_refon
                0x0000000008003848       0x68 ./Core/Src/LTC681x.o
                0x0000000008003848                LTC681x_set_cfgr_refon
 .text.LTC681x_set_cfgr_adcopt
                0x00000000080038b0       0x68 ./Core/Src/LTC681x.o
                0x00000000080038b0                LTC681x_set_cfgr_adcopt
 .text.LTC681x_set_cfgr_gpio
                0x0000000008003918       0xa0 ./Core/Src/LTC681x.o
                0x0000000008003918                LTC681x_set_cfgr_gpio
 .text.LTC681x_set_cfgr_dis
                0x00000000080039b8      0x11e ./Core/Src/LTC681x.o
                0x00000000080039b8                LTC681x_set_cfgr_dis
 .text.LTC681x_set_cfgr_dcto
                0x0000000008003ad6       0xa0 ./Core/Src/LTC681x.o
                0x0000000008003ad6                LTC681x_set_cfgr_dcto
 .text.LTC681x_set_cfgr_uv
                0x0000000008003b76       0x8c ./Core/Src/LTC681x.o
                0x0000000008003b76                LTC681x_set_cfgr_uv
 .text.LTC681x_set_cfgr_ov
                0x0000000008003c02       0x84 ./Core/Src/LTC681x.o
                0x0000000008003c02                LTC681x_set_cfgr_ov
 *fill*         0x0000000008003c86        0x2 
 .text.cs_low   0x0000000008003c88       0x20 ./Core/Src/bms_hardware.o
                0x0000000008003c88                cs_low
 .text.cs_high  0x0000000008003ca8       0x20 ./Core/Src/bms_hardware.o
                0x0000000008003ca8                cs_high
 .text.delay_u  0x0000000008003cc8       0x18 ./Core/Src/bms_hardware.o
                0x0000000008003cc8                delay_u
 .text.spi_write_array
                0x0000000008003ce0       0x28 ./Core/Src/bms_hardware.o
                0x0000000008003ce0                spi_write_array
 .text.spi_write_read
                0x0000000008003d08       0x6c ./Core/Src/bms_hardware.o
                0x0000000008003d08                spi_write_read
 .text.spi_read_byte
                0x0000000008003d74       0x28 ./Core/Src/bms_hardware.o
                0x0000000008003d74                spi_read_byte
 .text.main     0x0000000008003d9c       0x90 ./Core/Src/main.o
                0x0000000008003d9c                main
 .text.SystemClock_Config
                0x0000000008003e2c       0xdc ./Core/Src/main.o
                0x0000000008003e2c                SystemClock_Config
 .text.MX_ADC1_Init
                0x0000000008003f08       0xa4 ./Core/Src/main.o
 .text.MX_CAN1_Init
                0x0000000008003fac       0x6c ./Core/Src/main.o
 .text.MX_CAN2_Init
                0x0000000008004018       0x6c ./Core/Src/main.o
 .text.MX_SPI1_Init
                0x0000000008004084       0x6c ./Core/Src/main.o
 .text.MX_TIM1_Init
                0x00000000080040f0      0x158 ./Core/Src/main.o
 .text.MX_TIM2_Init
                0x0000000008004248      0x100 ./Core/Src/main.o
 .text.MX_TIM4_Init
                0x0000000008004348       0x9c ./Core/Src/main.o
 .text.MX_USART2_UART_Init
                0x00000000080043e4       0x54 ./Core/Src/main.o
 .text.MX_GPIO_Init
                0x0000000008004438       0xd4 ./Core/Src/main.o
 .text.Error_Handler
                0x000000000800450c        0xa ./Core/Src/main.o
                0x000000000800450c                Error_Handler
 *fill*         0x0000000008004516        0x2 
 .text.HAL_MspInit
                0x0000000008004518       0x50 ./Core/Src/stm32f4xx_hal_msp.o
                0x0000000008004518                HAL_MspInit
 .text.HAL_ADC_MspInit
                0x0000000008004568       0x88 ./Core/Src/stm32f4xx_hal_msp.o
                0x0000000008004568                HAL_ADC_MspInit
 .text.HAL_CAN_MspInit
                0x00000000080045f0      0x184 ./Core/Src/stm32f4xx_hal_msp.o
                0x00000000080045f0                HAL_CAN_MspInit
 .text.HAL_SPI_MspInit
                0x0000000008004774       0x90 ./Core/Src/stm32f4xx_hal_msp.o
                0x0000000008004774                HAL_SPI_MspInit
 .text.HAL_TIM_Base_MspInit
                0x0000000008004804       0x98 ./Core/Src/stm32f4xx_hal_msp.o
                0x0000000008004804                HAL_TIM_Base_MspInit
 .text.HAL_TIM_MspPostInit
                0x000000000800489c       0xbc ./Core/Src/stm32f4xx_hal_msp.o
                0x000000000800489c                HAL_TIM_MspPostInit
 .text.HAL_UART_MspInit
                0x0000000008004958       0x90 ./Core/Src/stm32f4xx_hal_msp.o
                0x0000000008004958                HAL_UART_MspInit
 .text.NMI_Handler
                0x00000000080049e8        0x6 ./Core/Src/stm32f4xx_it.o
                0x00000000080049e8                NMI_Handler
 .text.HardFault_Handler
                0x00000000080049ee        0x6 ./Core/Src/stm32f4xx_it.o
                0x00000000080049ee                HardFault_Handler
 .text.MemManage_Handler
                0x00000000080049f4        0x6 ./Core/Src/stm32f4xx_it.o
                0x00000000080049f4                MemManage_Handler
 .text.BusFault_Handler
                0x00000000080049fa        0x6 ./Core/Src/stm32f4xx_it.o
                0x00000000080049fa                BusFault_Handler
 .text.UsageFault_Handler
                0x0000000008004a00        0x6 ./Core/Src/stm32f4xx_it.o
                0x0000000008004a00                UsageFault_Handler
 .text.SVC_Handler
                0x0000000008004a06        0xe ./Core/Src/stm32f4xx_it.o
                0x0000000008004a06                SVC_Handler
 .text.DebugMon_Handler
                0x0000000008004a14        0xe ./Core/Src/stm32f4xx_it.o
                0x0000000008004a14                DebugMon_Handler
 .text.PendSV_Handler
                0x0000000008004a22        0xe ./Core/Src/stm32f4xx_it.o
                0x0000000008004a22                PendSV_Handler
 .text.SysTick_Handler
                0x0000000008004a30        0xc ./Core/Src/stm32f4xx_it.o
                0x0000000008004a30                SysTick_Handler
 .text.CAN1_RX0_IRQHandler
                0x0000000008004a3c       0x14 ./Core/Src/stm32f4xx_it.o
                0x0000000008004a3c                CAN1_RX0_IRQHandler
 .text.CAN1_RX1_IRQHandler
                0x0000000008004a50       0x14 ./Core/Src/stm32f4xx_it.o
                0x0000000008004a50                CAN1_RX1_IRQHandler
 .text.CAN2_RX0_IRQHandler
                0x0000000008004a64       0x14 ./Core/Src/stm32f4xx_it.o
                0x0000000008004a64                CAN2_RX0_IRQHandler
 .text.CAN2_RX1_IRQHandler
                0x0000000008004a78       0x14 ./Core/Src/stm32f4xx_it.o
                0x0000000008004a78                CAN2_RX1_IRQHandler
 .text._getpid  0x0000000008004a8c       0x10 ./Core/Src/syscalls.o
                0x0000000008004a8c                _getpid
 .text._kill    0x0000000008004a9c       0x20 ./Core/Src/syscalls.o
                0x0000000008004a9c                _kill
 .text._exit    0x0000000008004abc       0x14 ./Core/Src/syscalls.o
                0x0000000008004abc                _exit
 .text._read    0x0000000008004ad0       0x3a ./Core/Src/syscalls.o
                0x0000000008004ad0                _read
 .text._write   0x0000000008004b0a       0x38 ./Core/Src/syscalls.o
                0x0000000008004b0a                _write
 .text._close   0x0000000008004b42       0x18 ./Core/Src/syscalls.o
                0x0000000008004b42                _close
 .text._fstat   0x0000000008004b5a       0x20 ./Core/Src/syscalls.o
                0x0000000008004b5a                _fstat
 .text._isatty  0x0000000008004b7a       0x16 ./Core/Src/syscalls.o
                0x0000000008004b7a                _isatty
 .text._lseek   0x0000000008004b90       0x1a ./Core/Src/syscalls.o
                0x0000000008004b90                _lseek
 *fill*         0x0000000008004baa        0x2 
 .text._sbrk    0x0000000008004bac       0x6c ./Core/Src/sysmem.o
                0x0000000008004bac                _sbrk
 .text.SystemInit
                0x0000000008004c18       0x24 ./Core/Src/system_stm32f4xx.o
                0x0000000008004c18                SystemInit
 .text.Reset_Handler
                0x0000000008004c3c       0x50 ./Core/Startup/startup_stm32f446retx.o
                0x0000000008004c3c                Reset_Handler
 .text.Default_Handler
                0x0000000008004c8c        0x2 ./Core/Startup/startup_stm32f446retx.o
                0x0000000008004c8c                DMA1_Stream3_IRQHandler
                0x0000000008004c8c                EXTI2_IRQHandler
                0x0000000008004c8c                TIM8_CC_IRQHandler
                0x0000000008004c8c                FMPI2C1_EV_IRQHandler
                0x0000000008004c8c                SPI4_IRQHandler
                0x0000000008004c8c                TIM1_CC_IRQHandler
                0x0000000008004c8c                DMA2_Stream5_IRQHandler
                0x0000000008004c8c                DMA1_Stream5_IRQHandler
                0x0000000008004c8c                PVD_IRQHandler
                0x0000000008004c8c                SDIO_IRQHandler
                0x0000000008004c8c                TAMP_STAMP_IRQHandler
                0x0000000008004c8c                EXTI3_IRQHandler
                0x0000000008004c8c                TIM8_TRG_COM_TIM14_IRQHandler
                0x0000000008004c8c                TIM1_UP_TIM10_IRQHandler
                0x0000000008004c8c                TIM8_UP_TIM13_IRQHandler
                0x0000000008004c8c                I2C3_ER_IRQHandler
                0x0000000008004c8c                EXTI0_IRQHandler
                0x0000000008004c8c                I2C2_EV_IRQHandler
                0x0000000008004c8c                DMA1_Stream2_IRQHandler
                0x0000000008004c8c                FPU_IRQHandler
                0x0000000008004c8c                OTG_HS_WKUP_IRQHandler
                0x0000000008004c8c                CAN2_SCE_IRQHandler
                0x0000000008004c8c                DMA2_Stream2_IRQHandler
                0x0000000008004c8c                SPI1_IRQHandler
                0x0000000008004c8c                TIM6_DAC_IRQHandler
                0x0000000008004c8c                TIM1_BRK_TIM9_IRQHandler
                0x0000000008004c8c                DCMI_IRQHandler
                0x0000000008004c8c                DMA2_Stream3_IRQHandler
                0x0000000008004c8c                SAI2_IRQHandler
                0x0000000008004c8c                USART6_IRQHandler
                0x0000000008004c8c                USART3_IRQHandler
                0x0000000008004c8c                UART5_IRQHandler
                0x0000000008004c8c                DMA2_Stream0_IRQHandler
                0x0000000008004c8c                TIM4_IRQHandler
                0x0000000008004c8c                QUADSPI_IRQHandler
                0x0000000008004c8c                I2C1_EV_IRQHandler
                0x0000000008004c8c                DMA1_Stream6_IRQHandler
                0x0000000008004c8c                DMA1_Stream1_IRQHandler
                0x0000000008004c8c                UART4_IRQHandler
                0x0000000008004c8c                TIM3_IRQHandler
                0x0000000008004c8c                RCC_IRQHandler
                0x0000000008004c8c                TIM8_BRK_TIM12_IRQHandler
                0x0000000008004c8c                Default_Handler
                0x0000000008004c8c                CEC_IRQHandler
                0x0000000008004c8c                EXTI15_10_IRQHandler
                0x0000000008004c8c                ADC_IRQHandler
                0x0000000008004c8c                DMA1_Stream7_IRQHandler
                0x0000000008004c8c                TIM7_IRQHandler
                0x0000000008004c8c                CAN2_TX_IRQHandler
                0x0000000008004c8c                TIM5_IRQHandler
                0x0000000008004c8c                DMA2_Stream7_IRQHandler
                0x0000000008004c8c                I2C3_EV_IRQHandler
                0x0000000008004c8c                EXTI9_5_IRQHandler
                0x0000000008004c8c                RTC_WKUP_IRQHandler
                0x0000000008004c8c                SPDIF_RX_IRQHandler
                0x0000000008004c8c                SPI2_IRQHandler
                0x0000000008004c8c                OTG_HS_EP1_IN_IRQHandler
                0x0000000008004c8c                DMA1_Stream0_IRQHandler
                0x0000000008004c8c                CAN1_TX_IRQHandler
                0x0000000008004c8c                FMPI2C1_ER_IRQHandler
                0x0000000008004c8c                EXTI4_IRQHandler
                0x0000000008004c8c                OTG_HS_EP1_OUT_IRQHandler
                0x0000000008004c8c                WWDG_IRQHandler
                0x0000000008004c8c                TIM2_IRQHandler
                0x0000000008004c8c                OTG_FS_WKUP_IRQHandler
                0x0000000008004c8c                TIM1_TRG_COM_TIM11_IRQHandler
                0x0000000008004c8c                OTG_HS_IRQHandler
                0x0000000008004c8c                EXTI1_IRQHandler
                0x0000000008004c8c                USART2_IRQHandler
                0x0000000008004c8c                I2C2_ER_IRQHandler
                0x0000000008004c8c                DMA2_Stream1_IRQHandler
                0x0000000008004c8c                CAN1_SCE_IRQHandler
                0x0000000008004c8c                FLASH_IRQHandler
                0x0000000008004c8c                DMA2_Stream4_IRQHandler
                0x0000000008004c8c                USART1_IRQHandler
                0x0000000008004c8c                OTG_FS_IRQHandler
                0x0000000008004c8c                SPI3_IRQHandler
                0x0000000008004c8c                DMA1_Stream4_IRQHandler
                0x0000000008004c8c                I2C1_ER_IRQHandler
                0x0000000008004c8c                FMC_IRQHandler
                0x0000000008004c8c                DMA2_Stream6_IRQHandler
                0x0000000008004c8c                SAI1_IRQHandler
                0x0000000008004c8c                RTC_Alarm_IRQHandler
 *fill*         0x0000000008004c8e        0x2 
 .text.HAL_Init
                0x0000000008004c90       0x44 ./Drivers/STM32F4xx_HAL_Driver/Src/stm32f4xx_hal.o
                0x0000000008004c90                HAL_Init
 .text.HAL_InitTick
                0x0000000008004cd4       0x60 ./Drivers/STM32F4xx_HAL_Driver/Src/stm32f4xx_hal.o
                0x0000000008004cd4                HAL_InitTick
 .text.HAL_IncTick
                0x0000000008004d34       0x28 ./Drivers/STM32F4xx_HAL_Driver/Src/stm32f4xx_hal.o
                0x0000000008004d34                HAL_IncTick
 .text.HAL_GetTick
                0x0000000008004d5c       0x18 ./Drivers/STM32F4xx_HAL_Driver/Src/stm32f4xx_hal.o
                0x0000000008004d5c                HAL_GetTick
 .text.HAL_Delay
                0x0000000008004d74       0x48 ./Drivers/STM32F4xx_HAL_Driver/Src/stm32f4xx_hal.o
                0x0000000008004d74                HAL_Delay
 .text.HAL_ADC_Init
                0x0000000008004dbc       0x86 ./Drivers/STM32F4xx_HAL_Driver/Src/stm32f4xx_hal_adc.o
                0x0000000008004dbc                HAL_ADC_Init
 *fill*         0x0000000008004e42        0x2 
 .text.HAL_ADC_ConfigChannel
                0x0000000008004e44      0x264 ./Drivers/STM32F4xx_HAL_Driver/Src/stm32f4xx_hal_adc.o
                0x0000000008004e44                HAL_ADC_ConfigChannel
 .text.ADC_Init
                0x00000000080050a8      0x1f8 ./Drivers/STM32F4xx_HAL_Driver/Src/stm32f4xx_hal_adc.o
 .text.HAL_CAN_Init
                0x00000000080052a0      0x1f6 ./Drivers/STM32F4xx_HAL_Driver/Src/stm32f4xx_hal_can.o
                0x00000000080052a0                HAL_CAN_Init
 *fill*         0x0000000008005496        0x2 
 .text.HAL_CAN_ConfigFilter
                0x0000000008005498      0x1c0 ./Drivers/STM32F4xx_HAL_Driver/Src/stm32f4xx_hal_can.o
                0x0000000008005498                HAL_CAN_ConfigFilter
 .text.HAL_CAN_Start
                0x0000000008005658       0x88 ./Drivers/STM32F4xx_HAL_Driver/Src/stm32f4xx_hal_can.o
                0x0000000008005658                HAL_CAN_Start
 .text.HAL_CAN_GetRxMessage
                0x00000000080056e0      0x224 ./Drivers/STM32F4xx_HAL_Driver/Src/stm32f4xx_hal_can.o
                0x00000000080056e0                HAL_CAN_GetRxMessage
 .text.HAL_CAN_ActivateNotification
                0x0000000008005904       0x4c ./Drivers/STM32F4xx_HAL_Driver/Src/stm32f4xx_hal_can.o
                0x0000000008005904                HAL_CAN_ActivateNotification
 .text.HAL_CAN_IRQHandler
                0x0000000008005950      0x36e ./Drivers/STM32F4xx_HAL_Driver/Src/stm32f4xx_hal_can.o
                0x0000000008005950                HAL_CAN_IRQHandler
 .text.HAL_CAN_TxMailbox0CompleteCallback
                0x0000000008005cbe       0x14 ./Drivers/STM32F4xx_HAL_Driver/Src/stm32f4xx_hal_can.o
                0x0000000008005cbe                HAL_CAN_TxMailbox0CompleteCallback
 .text.HAL_CAN_TxMailbox1CompleteCallback
                0x0000000008005cd2       0x14 ./Drivers/STM32F4xx_HAL_Driver/Src/stm32f4xx_hal_can.o
                0x0000000008005cd2                HAL_CAN_TxMailbox1CompleteCallback
 .text.HAL_CAN_TxMailbox2CompleteCallback
                0x0000000008005ce6       0x14 ./Drivers/STM32F4xx_HAL_Driver/Src/stm32f4xx_hal_can.o
                0x0000000008005ce6                HAL_CAN_TxMailbox2CompleteCallback
 .text.HAL_CAN_TxMailbox0AbortCallback
                0x0000000008005cfa       0x14 ./Drivers/STM32F4xx_HAL_Driver/Src/stm32f4xx_hal_can.o
                0x0000000008005cfa                HAL_CAN_TxMailbox0AbortCallback
 .text.HAL_CAN_TxMailbox1AbortCallback
                0x0000000008005d0e       0x14 ./Drivers/STM32F4xx_HAL_Driver/Src/stm32f4xx_hal_can.o
                0x0000000008005d0e                HAL_CAN_TxMailbox1AbortCallback
 .text.HAL_CAN_TxMailbox2AbortCallback
                0x0000000008005d22       0x14 ./Drivers/STM32F4xx_HAL_Driver/Src/stm32f4xx_hal_can.o
                0x0000000008005d22                HAL_CAN_TxMailbox2AbortCallback
 .text.HAL_CAN_RxFifo0FullCallback
                0x0000000008005d36       0x14 ./Drivers/STM32F4xx_HAL_Driver/Src/stm32f4xx_hal_can.o
                0x0000000008005d36                HAL_CAN_RxFifo0FullCallback
 .text.HAL_CAN_RxFifo1MsgPendingCallback
                0x0000000008005d4a       0x14 ./Drivers/STM32F4xx_HAL_Driver/Src/stm32f4xx_hal_can.o
                0x0000000008005d4a                HAL_CAN_RxFifo1MsgPendingCallback
 .text.HAL_CAN_RxFifo1FullCallback
                0x0000000008005d5e       0x14 ./Drivers/STM32F4xx_HAL_Driver/Src/stm32f4xx_hal_can.o
                0x0000000008005d5e                HAL_CAN_RxFifo1FullCallback
 .text.HAL_CAN_SleepCallback
                0x0000000008005d72       0x14 ./Drivers/STM32F4xx_HAL_Driver/Src/stm32f4xx_hal_can.o
                0x0000000008005d72                HAL_CAN_SleepCallback
 .text.HAL_CAN_WakeUpFromRxMsgCallback
                0x0000000008005d86       0x14 ./Drivers/STM32F4xx_HAL_Driver/Src/stm32f4xx_hal_can.o
                0x0000000008005d86                HAL_CAN_WakeUpFromRxMsgCallback
 .text.HAL_CAN_ErrorCallback
                0x0000000008005d9a       0x14 ./Drivers/STM32F4xx_HAL_Driver/Src/stm32f4xx_hal_can.o
                0x0000000008005d9a                HAL_CAN_ErrorCallback
 *fill*         0x0000000008005dae        0x2 
 .text.__NVIC_SetPriorityGrouping
                0x0000000008005db0       0x48 ./Drivers/STM32F4xx_HAL_Driver/Src/stm32f4xx_hal_cortex.o
 .text.__NVIC_GetPriorityGrouping
                0x0000000008005df8       0x1c ./Drivers/STM32F4xx_HAL_Driver/Src/stm32f4xx_hal_cortex.o
 .text.__NVIC_EnableIRQ
                0x0000000008005e14       0x3c ./Drivers/STM32F4xx_HAL_Driver/Src/stm32f4xx_hal_cortex.o
 .text.__NVIC_SetPriority
                0x0000000008005e50       0x54 ./Drivers/STM32F4xx_HAL_Driver/Src/stm32f4xx_hal_cortex.o
 .text.NVIC_EncodePriority
                0x0000000008005ea4       0x66 ./Drivers/STM32F4xx_HAL_Driver/Src/stm32f4xx_hal_cortex.o
 *fill*         0x0000000008005f0a        0x2 
 .text.SysTick_Config
                0x0000000008005f0c       0x44 ./Drivers/STM32F4xx_HAL_Driver/Src/stm32f4xx_hal_cortex.o
 .text.HAL_NVIC_SetPriorityGrouping
                0x0000000008005f50       0x16 ./Drivers/STM32F4xx_HAL_Driver/Src/stm32f4xx_hal_cortex.o
                0x0000000008005f50                HAL_NVIC_SetPriorityGrouping
 .text.HAL_NVIC_SetPriority
                0x0000000008005f66       0x38 ./Drivers/STM32F4xx_HAL_Driver/Src/stm32f4xx_hal_cortex.o
                0x0000000008005f66                HAL_NVIC_SetPriority
 .text.HAL_NVIC_EnableIRQ
                0x0000000008005f9e       0x1c ./Drivers/STM32F4xx_HAL_Driver/Src/stm32f4xx_hal_cortex.o
                0x0000000008005f9e                HAL_NVIC_EnableIRQ
 .text.HAL_SYSTICK_Config
                0x0000000008005fba       0x18 ./Drivers/STM32F4xx_HAL_Driver/Src/stm32f4xx_hal_cortex.o
                0x0000000008005fba                HAL_SYSTICK_Config
 *fill*         0x0000000008005fd2        0x2 
 .text.HAL_GPIO_Init
                0x0000000008005fd4      0x328 ./Drivers/STM32F4xx_HAL_Driver/Src/stm32f4xx_hal_gpio.o
                0x0000000008005fd4                HAL_GPIO_Init
 .text.HAL_GPIO_WritePin
                0x00000000080062fc       0x32 ./Drivers/STM32F4xx_HAL_Driver/Src/stm32f4xx_hal_gpio.o
                0x00000000080062fc                HAL_GPIO_WritePin
 *fill*         0x000000000800632e        0x2 
 .text.HAL_RCC_ClockConfig
                0x0000000008006330      0x1cc ./Drivers/STM32F4xx_HAL_Driver/Src/stm32f4xx_hal_rcc.o
                0x0000000008006330                HAL_RCC_ClockConfig
 .text.HAL_RCC_GetHCLKFreq
                0x00000000080064fc       0x18 ./Drivers/STM32F4xx_HAL_Driver/Src/stm32f4xx_hal_rcc.o
                0x00000000080064fc                HAL_RCC_GetHCLKFreq
 .text.HAL_RCC_GetPCLK1Freq
                0x0000000008006514       0x28 ./Drivers/STM32F4xx_HAL_Driver/Src/stm32f4xx_hal_rcc.o
                0x0000000008006514                HAL_RCC_GetPCLK1Freq
 .text.HAL_RCC_GetPCLK2Freq
                0x000000000800653c       0x28 ./Drivers/STM32F4xx_HAL_Driver/Src/stm32f4xx_hal_rcc.o
                0x000000000800653c                HAL_RCC_GetPCLK2Freq
 .text.HAL_RCC_GetSysClockFreq
                0x0000000008006564      0x460 ./Drivers/STM32F4xx_HAL_Driver/Src/stm32f4xx_hal_rcc_ex.o
                0x0000000008006564                HAL_RCC_GetSysClockFreq
 .text.HAL_RCC_OscConfig
                0x00000000080069c4      0x53c ./Drivers/STM32F4xx_HAL_Driver/Src/stm32f4xx_hal_rcc_ex.o
                0x00000000080069c4                HAL_RCC_OscConfig
 .text.HAL_SPI_Init
                0x0000000008006f00      0x112 ./Drivers/STM32F4xx_HAL_Driver/Src/stm32f4xx_hal_spi.o
                0x0000000008006f00                HAL_SPI_Init
 .text.HAL_SPI_Transmit
                0x0000000008007012      0x278 ./Drivers/STM32F4xx_HAL_Driver/Src/stm32f4xx_hal_spi.o
                0x0000000008007012                HAL_SPI_Transmit
 .text.HAL_SPI_Receive
                0x000000000800728a      0x222 ./Drivers/STM32F4xx_HAL_Driver/Src/stm32f4xx_hal_spi.o
                0x000000000800728a                HAL_SPI_Receive
 .text.HAL_SPI_TransmitReceive
                0x00000000080074ac      0x344 ./Drivers/STM32F4xx_HAL_Driver/Src/stm32f4xx_hal_spi.o
                0x00000000080074ac                HAL_SPI_TransmitReceive
 .text.SPI_WaitFlagStateUntilTimeout
                0x00000000080077f0      0x110 ./Drivers/STM32F4xx_HAL_Driver/Src/stm32f4xx_hal_spi.o
 .text.SPI_EndRxTransaction
                0x0000000008007900       0xca ./Drivers/STM32F4xx_HAL_Driver/Src/stm32f4xx_hal_spi.o
 *fill*         0x00000000080079ca        0x2 
 .text.SPI_EndRxTxTransaction
                0x00000000080079cc       0x84 ./Drivers/STM32F4xx_HAL_Driver/Src/stm32f4xx_hal_spi.o
 .text.HAL_TIM_Base_Init
                0x0000000008007a50       0x9e ./Drivers/STM32F4xx_HAL_Driver/Src/stm32f4xx_hal_tim.o
                0x0000000008007a50                HAL_TIM_Base_Init
 *fill*         0x0000000008007aee        0x2 
 .text.HAL_TIM_Base_Start
                0x0000000008007af0       0xd0 ./Drivers/STM32F4xx_HAL_Driver/Src/stm32f4xx_hal_tim.o
                0x0000000008007af0                HAL_TIM_Base_Start
 .text.HAL_TIM_PWM_Init
                0x0000000008007bc0       0x9e ./Drivers/STM32F4xx_HAL_Driver/Src/stm32f4xx_hal_tim.o
                0x0000000008007bc0                HAL_TIM_PWM_Init
 .text.HAL_TIM_PWM_MspInit
                0x0000000008007c5e       0x14 ./Drivers/STM32F4xx_HAL_Driver/Src/stm32f4xx_hal_tim.o
                0x0000000008007c5e                HAL_TIM_PWM_MspInit
 *fill*         0x0000000008007c72        0x2 
 .text.HAL_TIM_PWM_Start
                0x0000000008007c74      0x190 ./Drivers/STM32F4xx_HAL_Driver/Src/stm32f4xx_hal_tim.o
                0x0000000008007c74                HAL_TIM_PWM_Start
 .text.HAL_TIM_PWM_ConfigChannel
                0x0000000008007e04      0x184 ./Drivers/STM32F4xx_HAL_Driver/Src/stm32f4xx_hal_tim.o
                0x0000000008007e04                HAL_TIM_PWM_ConfigChannel
 .text.HAL_TIM_ConfigClockSource
                0x0000000008007f88      0x18e ./Drivers/STM32F4xx_HAL_Driver/Src/stm32f4xx_hal_tim.o
                0x0000000008007f88                HAL_TIM_ConfigClockSource
 *fill*         0x0000000008008116        0x2 
 .text.TIM_Base_SetConfig
                0x0000000008008118      0x140 ./Drivers/STM32F4xx_HAL_Driver/Src/stm32f4xx_hal_tim.o
                0x0000000008008118                TIM_Base_SetConfig
 .text.TIM_OC1_SetConfig
                0x0000000008008258       0xe0 ./Drivers/STM32F4xx_HAL_Driver/Src/stm32f4xx_hal_tim.o
 .text.TIM_OC2_SetConfig
                0x0000000008008338       0xec ./Drivers/STM32F4xx_HAL_Driver/Src/stm32f4xx_hal_tim.o
                0x0000000008008338                TIM_OC2_SetConfig
 .text.TIM_OC3_SetConfig
                0x0000000008008424       0xe8 ./Drivers/STM32F4xx_HAL_Driver/Src/stm32f4xx_hal_tim.o
 .text.TIM_OC4_SetConfig
                0x000000000800850c       0xac ./Drivers/STM32F4xx_HAL_Driver/Src/stm32f4xx_hal_tim.o
 .text.TIM_TI1_ConfigInputStage
                0x00000000080085b8       0x5e ./Drivers/STM32F4xx_HAL_Driver/Src/stm32f4xx_hal_tim.o
 .text.TIM_TI2_ConfigInputStage
                0x0000000008008616       0x60 ./Drivers/STM32F4xx_HAL_Driver/Src/stm32f4xx_hal_tim.o
 .text.TIM_ITRx_SetConfig
                0x0000000008008676       0x36 ./Drivers/STM32F4xx_HAL_Driver/Src/stm32f4xx_hal_tim.o
 .text.TIM_ETR_SetConfig
                0x00000000080086ac       0x40 ./Drivers/STM32F4xx_HAL_Driver/Src/stm32f4xx_hal_tim.o
                0x00000000080086ac                TIM_ETR_SetConfig
 .text.TIM_CCxChannelCmd
                0x00000000080086ec       0x4a ./Drivers/STM32F4xx_HAL_Driver/Src/stm32f4xx_hal_tim.o
                0x00000000080086ec                TIM_CCxChannelCmd
 *fill*         0x0000000008008736        0x2 
 .text.HAL_TIMEx_MasterConfigSynchronization
                0x0000000008008738       0xf8 ./Drivers/STM32F4xx_HAL_Driver/Src/stm32f4xx_hal_tim_ex.o
                0x0000000008008738                HAL_TIMEx_MasterConfigSynchronization
 .text.HAL_TIMEx_ConfigBreakDeadTime
                0x0000000008008830       0xa4 ./Drivers/STM32F4xx_HAL_Driver/Src/stm32f4xx_hal_tim_ex.o
                0x0000000008008830                HAL_TIMEx_ConfigBreakDeadTime
 .text.HAL_UART_Init
                0x00000000080088d4       0x9a ./Drivers/STM32F4xx_HAL_Driver/Src/stm32f4xx_hal_uart.o
                0x00000000080088d4                HAL_UART_Init
 .text.HAL_UART_Transmit
                0x000000000800896e      0x124 ./Drivers/STM32F4xx_HAL_Driver/Src/stm32f4xx_hal_uart.o
                0x000000000800896e                HAL_UART_Transmit
 .text.UART_WaitOnFlagUntilTimeout
                0x0000000008008a92       0xdc ./Drivers/STM32F4xx_HAL_Driver/Src/stm32f4xx_hal_uart.o
 *fill*         0x0000000008008b6e        0x2 
 .text.UART_SetConfig
                0x0000000008008b70      0x4e8 ./Drivers/STM32F4xx_HAL_Driver/Src/stm32f4xx_hal_uart.o
 .text.__errno  0x0000000008009058        0xc /Applications/STM32CubeIDE.app/Contents/Eclipse/plugins/com.st.stm32cube.ide.mcu.externaltools.gnu-tools-for-stm32.10.3-2021.10.macos64_1.0.0.202111181127/tools/bin/../lib/gcc/arm-none-eabi/10.3.1/../../../../arm-none-eabi/lib/thumb/v7e-m+fp/hard/libc_nano.a(lib_a-errno.o)
                0x0000000008009058                __errno
 .text.__libc_init_array
                0x0000000008009064       0x48 /Applications/STM32CubeIDE.app/Contents/Eclipse/plugins/com.st.stm32cube.ide.mcu.externaltools.gnu-tools-for-stm32.10.3-2021.10.macos64_1.0.0.202111181127/tools/bin/../lib/gcc/arm-none-eabi/10.3.1/../../../../arm-none-eabi/lib/thumb/v7e-m+fp/hard/libc_nano.a(lib_a-init.o)
                0x0000000008009064                __libc_init_array
 .text.malloc   0x00000000080090ac       0x10 /Applications/STM32CubeIDE.app/Contents/Eclipse/plugins/com.st.stm32cube.ide.mcu.externaltools.gnu-tools-for-stm32.10.3-2021.10.macos64_1.0.0.202111181127/tools/bin/../lib/gcc/arm-none-eabi/10.3.1/../../../../arm-none-eabi/lib/thumb/v7e-m+fp/hard/libc_nano.a(lib_a-malloc.o)
                0x00000000080090ac                malloc
 .text.free     0x00000000080090bc       0x10 /Applications/STM32CubeIDE.app/Contents/Eclipse/plugins/com.st.stm32cube.ide.mcu.externaltools.gnu-tools-for-stm32.10.3-2021.10.macos64_1.0.0.202111181127/tools/bin/../lib/gcc/arm-none-eabi/10.3.1/../../../../arm-none-eabi/lib/thumb/v7e-m+fp/hard/libc_nano.a(lib_a-malloc.o)
                0x00000000080090bc                free
 .text.memset   0x00000000080090cc       0x10 /Applications/STM32CubeIDE.app/Contents/Eclipse/plugins/com.st.stm32cube.ide.mcu.externaltools.gnu-tools-for-stm32.10.3-2021.10.macos64_1.0.0.202111181127/tools/bin/../lib/gcc/arm-none-eabi/10.3.1/../../../../arm-none-eabi/lib/thumb/v7e-m+fp/hard/libc_nano.a(lib_a-memset.o)
                0x00000000080090cc                memset
 .text._free_r  0x00000000080090dc       0x98 /Applications/STM32CubeIDE.app/Contents/Eclipse/plugins/com.st.stm32cube.ide.mcu.externaltools.gnu-tools-for-stm32.10.3-2021.10.macos64_1.0.0.202111181127/tools/bin/../lib/gcc/arm-none-eabi/10.3.1/../../../../arm-none-eabi/lib/thumb/v7e-m+fp/hard/libc_nano.a(lib_a-nano-freer.o)
                0x00000000080090dc                _free_r
 .text.sbrk_aligned
                0x0000000008009174       0x40 /Applications/STM32CubeIDE.app/Contents/Eclipse/plugins/com.st.stm32cube.ide.mcu.externaltools.gnu-tools-for-stm32.10.3-2021.10.macos64_1.0.0.202111181127/tools/bin/../lib/gcc/arm-none-eabi/10.3.1/../../../../arm-none-eabi/lib/thumb/v7e-m+fp/hard/libc_nano.a(lib_a-nano-mallocr.o)
 .text._malloc_r
                0x00000000080091b4       0xe8 /Applications/STM32CubeIDE.app/Contents/Eclipse/plugins/com.st.stm32cube.ide.mcu.externaltools.gnu-tools-for-stm32.10.3-2021.10.macos64_1.0.0.202111181127/tools/bin/../lib/gcc/arm-none-eabi/10.3.1/../../../../arm-none-eabi/lib/thumb/v7e-m+fp/hard/libc_nano.a(lib_a-nano-mallocr.o)
                0x00000000080091b4                _malloc_r
 .text.__cvt    0x000000000800929c       0xc4 /Applications/STM32CubeIDE.app/Contents/Eclipse/plugins/com.st.stm32cube.ide.mcu.externaltools.gnu-tools-for-stm32.10.3-2021.10.macos64_1.0.0.202111181127/tools/bin/../lib/gcc/arm-none-eabi/10.3.1/../../../../arm-none-eabi/lib/thumb/v7e-m+fp/hard/libc_nano.a(lib_a-nano-vfprintf_float.o)
                0x000000000800929c                __cvt
 .text.__exponent
                0x0000000008009360       0x7c /Applications/STM32CubeIDE.app/Contents/Eclipse/plugins/com.st.stm32cube.ide.mcu.externaltools.gnu-tools-for-stm32.10.3-2021.10.macos64_1.0.0.202111181127/tools/bin/../lib/gcc/arm-none-eabi/10.3.1/../../../../arm-none-eabi/lib/thumb/v7e-m+fp/hard/libc_nano.a(lib_a-nano-vfprintf_float.o)
                0x0000000008009360                __exponent
 .text._printf_float
                0x00000000080093dc      0x46c /Applications/STM32CubeIDE.app/Contents/Eclipse/plugins/com.st.stm32cube.ide.mcu.externaltools.gnu-tools-for-stm32.10.3-2021.10.macos64_1.0.0.202111181127/tools/bin/../lib/gcc/arm-none-eabi/10.3.1/../../../../arm-none-eabi/lib/thumb/v7e-m+fp/hard/libc_nano.a(lib_a-nano-vfprintf_float.o)
                0x00000000080093dc                _printf_float
 .text._printf_common
                0x0000000008009848       0xda /Applications/STM32CubeIDE.app/Contents/Eclipse/plugins/com.st.stm32cube.ide.mcu.externaltools.gnu-tools-for-stm32.10.3-2021.10.macos64_1.0.0.202111181127/tools/bin/../lib/gcc/arm-none-eabi/10.3.1/../../../../arm-none-eabi/lib/thumb/v7e-m+fp/hard/libc_nano.a(lib_a-nano-vfprintf_i.o)
                0x0000000008009848                _printf_common
 *fill*         0x0000000008009922        0x2 
 .text._printf_i
                0x0000000008009924      0x24c /Applications/STM32CubeIDE.app/Contents/Eclipse/plugins/com.st.stm32cube.ide.mcu.externaltools.gnu-tools-for-stm32.10.3-2021.10.macos64_1.0.0.202111181127/tools/bin/../lib/gcc/arm-none-eabi/10.3.1/../../../../arm-none-eabi/lib/thumb/v7e-m+fp/hard/libc_nano.a(lib_a-nano-vfprintf_i.o)
                0x0000000008009924                _printf_i
 .text._sbrk_r  0x0000000008009b70       0x20 /Applications/STM32CubeIDE.app/Contents/Eclipse/plugins/com.st.stm32cube.ide.mcu.externaltools.gnu-tools-for-stm32.10.3-2021.10.macos64_1.0.0.202111181127/tools/bin/../lib/gcc/arm-none-eabi/10.3.1/../../../../arm-none-eabi/lib/thumb/v7e-m+fp/hard/libc_nano.a(lib_a-sbrkr.o)
                0x0000000008009b70                _sbrk_r
 .text.sprintf  0x0000000008009b90       0x40 /Applications/STM32CubeIDE.app/Contents/Eclipse/plugins/com.st.stm32cube.ide.mcu.externaltools.gnu-tools-for-stm32.10.3-2021.10.macos64_1.0.0.202111181127/tools/bin/../lib/gcc/arm-none-eabi/10.3.1/../../../../arm-none-eabi/lib/thumb/v7e-m+fp/hard/libc_nano.a(lib_a-sprintf.o)
                0x0000000008009b90                sprintf
                0x0000000008009b90                siprintf
 .text.strncat  0x0000000008009bd0       0x26 /Applications/STM32CubeIDE.app/Contents/Eclipse/plugins/com.st.stm32cube.ide.mcu.externaltools.gnu-tools-for-stm32.10.3-2021.10.macos64_1.0.0.202111181127/tools/bin/../lib/gcc/arm-none-eabi/10.3.1/../../../../arm-none-eabi/lib/thumb/v7e-m+fp/hard/libc_nano.a(lib_a-strncat.o)
                0x0000000008009bd0                strncat
 .text.quorem   0x0000000008009bf6      0x116 /Applications/STM32CubeIDE.app/Contents/Eclipse/plugins/com.st.stm32cube.ide.mcu.externaltools.gnu-tools-for-stm32.10.3-2021.10.macos64_1.0.0.202111181127/tools/bin/../lib/gcc/arm-none-eabi/10.3.1/../../../../arm-none-eabi/lib/thumb/v7e-m+fp/hard/libc_nano.a(lib_a-dtoa.o)
 *fill*         0x0000000008009d0c        0x4 
 .text._dtoa_r  0x0000000008009d10      0xbdc /Applications/STM32CubeIDE.app/Contents/Eclipse/plugins/com.st.stm32cube.ide.mcu.externaltools.gnu-tools-for-stm32.10.3-2021.10.macos64_1.0.0.202111181127/tools/bin/../lib/gcc/arm-none-eabi/10.3.1/../../../../arm-none-eabi/lib/thumb/v7e-m+fp/hard/libc_nano.a(lib_a-dtoa.o)
                0x0000000008009d10                _dtoa_r
 .text._localeconv_r
                0x000000000800a8ec        0x8 /Applications/STM32CubeIDE.app/Contents/Eclipse/plugins/com.st.stm32cube.ide.mcu.externaltools.gnu-tools-for-stm32.10.3-2021.10.macos64_1.0.0.202111181127/tools/bin/../lib/gcc/arm-none-eabi/10.3.1/../../../../arm-none-eabi/lib/thumb/v7e-m+fp/hard/libc_nano.a(lib_a-localeconv.o)
                0x000000000800a8ec                _localeconv_r
 .text.memcpy   0x000000000800a8f4       0x1c /Applications/STM32CubeIDE.app/Contents/Eclipse/plugins/com.st.stm32cube.ide.mcu.externaltools.gnu-tools-for-stm32.10.3-2021.10.macos64_1.0.0.202111181127/tools/bin/../lib/gcc/arm-none-eabi/10.3.1/../../../../arm-none-eabi/lib/thumb/v7e-m+fp/hard/libc_nano.a(lib_a-memcpy-stub.o)
                0x000000000800a8f4                memcpy
 .text.__malloc_lock
                0x000000000800a910        0xc /Applications/STM32CubeIDE.app/Contents/Eclipse/plugins/com.st.stm32cube.ide.mcu.externaltools.gnu-tools-for-stm32.10.3-2021.10.macos64_1.0.0.202111181127/tools/bin/../lib/gcc/arm-none-eabi/10.3.1/../../../../arm-none-eabi/lib/thumb/v7e-m+fp/hard/libc_nano.a(lib_a-mlock.o)
                0x000000000800a910                __malloc_lock
 .text.__malloc_unlock
                0x000000000800a91c        0xc /Applications/STM32CubeIDE.app/Contents/Eclipse/plugins/com.st.stm32cube.ide.mcu.externaltools.gnu-tools-for-stm32.10.3-2021.10.macos64_1.0.0.202111181127/tools/bin/../lib/gcc/arm-none-eabi/10.3.1/../../../../arm-none-eabi/lib/thumb/v7e-m+fp/hard/libc_nano.a(lib_a-mlock.o)
                0x000000000800a91c                __malloc_unlock
 .text._Balloc  0x000000000800a928       0x80 /Applications/STM32CubeIDE.app/Contents/Eclipse/plugins/com.st.stm32cube.ide.mcu.externaltools.gnu-tools-for-stm32.10.3-2021.10.macos64_1.0.0.202111181127/tools/bin/../lib/gcc/arm-none-eabi/10.3.1/../../../../arm-none-eabi/lib/thumb/v7e-m+fp/hard/libc_nano.a(lib_a-mprec.o)
                0x000000000800a928                _Balloc
 .text._Bfree   0x000000000800a9a8       0x44 /Applications/STM32CubeIDE.app/Contents/Eclipse/plugins/com.st.stm32cube.ide.mcu.externaltools.gnu-tools-for-stm32.10.3-2021.10.macos64_1.0.0.202111181127/tools/bin/../lib/gcc/arm-none-eabi/10.3.1/../../../../arm-none-eabi/lib/thumb/v7e-m+fp/hard/libc_nano.a(lib_a-mprec.o)
                0x000000000800a9a8                _Bfree
 .text.__multadd
                0x000000000800a9ec       0x8c /Applications/STM32CubeIDE.app/Contents/Eclipse/plugins/com.st.stm32cube.ide.mcu.externaltools.gnu-tools-for-stm32.10.3-2021.10.macos64_1.0.0.202111181127/tools/bin/../lib/gcc/arm-none-eabi/10.3.1/../../../../arm-none-eabi/lib/thumb/v7e-m+fp/hard/libc_nano.a(lib_a-mprec.o)
                0x000000000800a9ec                __multadd
 .text.__hi0bits
                0x000000000800aa78       0x40 /Applications/STM32CubeIDE.app/Contents/Eclipse/plugins/com.st.stm32cube.ide.mcu.externaltools.gnu-tools-for-stm32.10.3-2021.10.macos64_1.0.0.202111181127/tools/bin/../lib/gcc/arm-none-eabi/10.3.1/../../../../arm-none-eabi/lib/thumb/v7e-m+fp/hard/libc_nano.a(lib_a-mprec.o)
                0x000000000800aa78                __hi0bits
 .text.__lo0bits
                0x000000000800aab8       0x5e /Applications/STM32CubeIDE.app/Contents/Eclipse/plugins/com.st.stm32cube.ide.mcu.externaltools.gnu-tools-for-stm32.10.3-2021.10.macos64_1.0.0.202111181127/tools/bin/../lib/gcc/arm-none-eabi/10.3.1/../../../../arm-none-eabi/lib/thumb/v7e-m+fp/hard/libc_nano.a(lib_a-mprec.o)
                0x000000000800aab8                __lo0bits
 *fill*         0x000000000800ab16        0x2 
 .text.__i2b    0x000000000800ab18       0x2c /Applications/STM32CubeIDE.app/Contents/Eclipse/plugins/com.st.stm32cube.ide.mcu.externaltools.gnu-tools-for-stm32.10.3-2021.10.macos64_1.0.0.202111181127/tools/bin/../lib/gcc/arm-none-eabi/10.3.1/../../../../arm-none-eabi/lib/thumb/v7e-m+fp/hard/libc_nano.a(lib_a-mprec.o)
                0x000000000800ab18                __i2b
 .text.__multiply
                0x000000000800ab44      0x154 /Applications/STM32CubeIDE.app/Contents/Eclipse/plugins/com.st.stm32cube.ide.mcu.externaltools.gnu-tools-for-stm32.10.3-2021.10.macos64_1.0.0.202111181127/tools/bin/../lib/gcc/arm-none-eabi/10.3.1/../../../../arm-none-eabi/lib/thumb/v7e-m+fp/hard/libc_nano.a(lib_a-mprec.o)
                0x000000000800ab44                __multiply
 .text.__pow5mult
                0x000000000800ac98       0xb4 /Applications/STM32CubeIDE.app/Contents/Eclipse/plugins/com.st.stm32cube.ide.mcu.externaltools.gnu-tools-for-stm32.10.3-2021.10.macos64_1.0.0.202111181127/tools/bin/../lib/gcc/arm-none-eabi/10.3.1/../../../../arm-none-eabi/lib/thumb/v7e-m+fp/hard/libc_nano.a(lib_a-mprec.o)
                0x000000000800ac98                __pow5mult
 .text.__lshift
                0x000000000800ad4c       0xe0 /Applications/STM32CubeIDE.app/Contents/Eclipse/plugins/com.st.stm32cube.ide.mcu.externaltools.gnu-tools-for-stm32.10.3-2021.10.macos64_1.0.0.202111181127/tools/bin/../lib/gcc/arm-none-eabi/10.3.1/../../../../arm-none-eabi/lib/thumb/v7e-m+fp/hard/libc_nano.a(lib_a-mprec.o)
                0x000000000800ad4c                __lshift
 .text.__mcmp   0x000000000800ae2c       0x38 /Applications/STM32CubeIDE.app/Contents/Eclipse/plugins/com.st.stm32cube.ide.mcu.externaltools.gnu-tools-for-stm32.10.3-2021.10.macos64_1.0.0.202111181127/tools/bin/../lib/gcc/arm-none-eabi/10.3.1/../../../../arm-none-eabi/lib/thumb/v7e-m+fp/hard/libc_nano.a(lib_a-mprec.o)
                0x000000000800ae2c                __mcmp
 .text.__mdiff  0x000000000800ae64      0x114 /Applications/STM32CubeIDE.app/Contents/Eclipse/plugins/com.st.stm32cube.ide.mcu.externaltools.gnu-tools-for-stm32.10.3-2021.10.macos64_1.0.0.202111181127/tools/bin/../lib/gcc/arm-none-eabi/10.3.1/../../../../arm-none-eabi/lib/thumb/v7e-m+fp/hard/libc_nano.a(lib_a-mprec.o)
                0x000000000800ae64                __mdiff
 .text.__d2b    0x000000000800af78       0xb8 /Applications/STM32CubeIDE.app/Contents/Eclipse/plugins/com.st.stm32cube.ide.mcu.externaltools.gnu-tools-for-stm32.10.3-2021.10.macos64_1.0.0.202111181127/tools/bin/../lib/gcc/arm-none-eabi/10.3.1/../../../../arm-none-eabi/lib/thumb/v7e-m+fp/hard/libc_nano.a(lib_a-mprec.o)
                0x000000000800af78                __d2b
 .text._calloc_r
                0x000000000800b030       0x2c /Applications/STM32CubeIDE.app/Contents/Eclipse/plugins/com.st.stm32cube.ide.mcu.externaltools.gnu-tools-for-stm32.10.3-2021.10.macos64_1.0.0.202111181127/tools/bin/../lib/gcc/arm-none-eabi/10.3.1/../../../../arm-none-eabi/lib/thumb/v7e-m+fp/hard/libc_nano.a(lib_a-nano-callocr.o)
                0x000000000800b030                _calloc_r
 .text.__ssputs_r
                0x000000000800b05c       0xb6 /Applications/STM32CubeIDE.app/Contents/Eclipse/plugins/com.st.stm32cube.ide.mcu.externaltools.gnu-tools-for-stm32.10.3-2021.10.macos64_1.0.0.202111181127/tools/bin/../lib/gcc/arm-none-eabi/10.3.1/../../../../arm-none-eabi/lib/thumb/v7e-m+fp/hard/libc_nano.a(lib_a-nano-svfprintf.o)
                0x000000000800b05c                __ssputs_r
 *fill*         0x000000000800b112        0x2 
 .text._svfprintf_r
                0x000000000800b114      0x200 /Applications/STM32CubeIDE.app/Contents/Eclipse/plugins/com.st.stm32cube.ide.mcu.externaltools.gnu-tools-for-stm32.10.3-2021.10.macos64_1.0.0.202111181127/tools/bin/../lib/gcc/arm-none-eabi/10.3.1/../../../../arm-none-eabi/lib/thumb/v7e-m+fp/hard/libc_nano.a(lib_a-nano-svfprintf.o)
                0x000000000800b114                _svfprintf_r
                0x000000000800b114                _svfiprintf_r
 .text.__assert_func
                0x000000000800b314       0x3c /Applications/STM32CubeIDE.app/Contents/Eclipse/plugins/com.st.stm32cube.ide.mcu.externaltools.gnu-tools-for-stm32.10.3-2021.10.macos64_1.0.0.202111181127/tools/bin/../lib/gcc/arm-none-eabi/10.3.1/../../../../arm-none-eabi/lib/thumb/v7e-m+fp/hard/libc_nano.a(lib_a-assert.o)
                0x000000000800b314                __assert_func
 .text.fprintf  0x000000000800b350       0x24 /Applications/STM32CubeIDE.app/Contents/Eclipse/plugins/com.st.stm32cube.ide.mcu.externaltools.gnu-tools-for-stm32.10.3-2021.10.macos64_1.0.0.202111181127/tools/bin/../lib/gcc/arm-none-eabi/10.3.1/../../../../arm-none-eabi/lib/thumb/v7e-m+fp/hard/libc_nano.a(lib_a-fprintf.o)
                0x000000000800b350                fprintf
                0x000000000800b350                fiprintf
 .text.__retarget_lock_init_recursive
                0x000000000800b374        0x2 /Applications/STM32CubeIDE.app/Contents/Eclipse/plugins/com.st.stm32cube.ide.mcu.externaltools.gnu-tools-for-stm32.10.3-2021.10.macos64_1.0.0.202111181127/tools/bin/../lib/gcc/arm-none-eabi/10.3.1/../../../../arm-none-eabi/lib/thumb/v7e-m+fp/hard/libc_nano.a(lib_a-lock.o)
                0x000000000800b374                __retarget_lock_init_recursive
 .text.__retarget_lock_acquire_recursive
                0x000000000800b376        0x2 /Applications/STM32CubeIDE.app/Contents/Eclipse/plugins/com.st.stm32cube.ide.mcu.externaltools.gnu-tools-for-stm32.10.3-2021.10.macos64_1.0.0.202111181127/tools/bin/../lib/gcc/arm-none-eabi/10.3.1/../../../../arm-none-eabi/lib/thumb/v7e-m+fp/hard/libc_nano.a(lib_a-lock.o)
                0x000000000800b376                __retarget_lock_acquire_recursive
 .text.__retarget_lock_release_recursive
                0x000000000800b378        0x2 /Applications/STM32CubeIDE.app/Contents/Eclipse/plugins/com.st.stm32cube.ide.mcu.externaltools.gnu-tools-for-stm32.10.3-2021.10.macos64_1.0.0.202111181127/tools/bin/../lib/gcc/arm-none-eabi/10.3.1/../../../../arm-none-eabi/lib/thumb/v7e-m+fp/hard/libc_nano.a(lib_a-lock.o)
                0x000000000800b378                __retarget_lock_release_recursive
 .text.__ascii_mbtowc
                0x000000000800b37a       0x24 /Applications/STM32CubeIDE.app/Contents/Eclipse/plugins/com.st.stm32cube.ide.mcu.externaltools.gnu-tools-for-stm32.10.3-2021.10.macos64_1.0.0.202111181127/tools/bin/../lib/gcc/arm-none-eabi/10.3.1/../../../../arm-none-eabi/lib/thumb/v7e-m+fp/hard/libc_nano.a(lib_a-mbtowc_r.o)
                0x000000000800b37a                __ascii_mbtowc
 .text.memmove  0x000000000800b39e       0x34 /Applications/STM32CubeIDE.app/Contents/Eclipse/plugins/com.st.stm32cube.ide.mcu.externaltools.gnu-tools-for-stm32.10.3-2021.10.macos64_1.0.0.202111181127/tools/bin/../lib/gcc/arm-none-eabi/10.3.1/../../../../arm-none-eabi/lib/thumb/v7e-m+fp/hard/libc_nano.a(lib_a-memmove.o)
                0x000000000800b39e                memmove
 .text._realloc_r
                0x000000000800b3d2       0x5e /Applications/STM32CubeIDE.app/Contents/Eclipse/plugins/com.st.stm32cube.ide.mcu.externaltools.gnu-tools-for-stm32.10.3-2021.10.macos64_1.0.0.202111181127/tools/bin/../lib/gcc/arm-none-eabi/10.3.1/../../../../arm-none-eabi/lib/thumb/v7e-m+fp/hard/libc_nano.a(lib_a-nano-reallocr.o)
                0x000000000800b3d2                _realloc_r
 .text.__sfputc_r
                0x000000000800b430       0x2e /Applications/STM32CubeIDE.app/Contents/Eclipse/plugins/com.st.stm32cube.ide.mcu.externaltools.gnu-tools-for-stm32.10.3-2021.10.macos64_1.0.0.202111181127/tools/bin/../lib/gcc/arm-none-eabi/10.3.1/../../../../arm-none-eabi/lib/thumb/v7e-m+fp/hard/libc_nano.a(lib_a-nano-vfprintf.o)
 .text.__sfputs_r
                0x000000000800b45e       0x24 /Applications/STM32CubeIDE.app/Contents/Eclipse/plugins/com.st.stm32cube.ide.mcu.externaltools.gnu-tools-for-stm32.10.3-2021.10.macos64_1.0.0.202111181127/tools/bin/../lib/gcc/arm-none-eabi/10.3.1/../../../../arm-none-eabi/lib/thumb/v7e-m+fp/hard/libc_nano.a(lib_a-nano-vfprintf.o)
                0x000000000800b45e                __sfputs_r
 *fill*         0x000000000800b482        0x2 
 .text._vfprintf_r
                0x000000000800b484      0x260 /Applications/STM32CubeIDE.app/Contents/Eclipse/plugins/com.st.stm32cube.ide.mcu.externaltools.gnu-tools-for-stm32.10.3-2021.10.macos64_1.0.0.202111181127/tools/bin/../lib/gcc/arm-none-eabi/10.3.1/../../../../arm-none-eabi/lib/thumb/v7e-m+fp/hard/libc_nano.a(lib_a-nano-vfprintf.o)
                0x000000000800b484                _vfiprintf_r
                0x000000000800b484                _vfprintf_r
 .text.__swbuf_r
                0x000000000800b6e4       0xa4 /Applications/STM32CubeIDE.app/Contents/Eclipse/plugins/com.st.stm32cube.ide.mcu.externaltools.gnu-tools-for-stm32.10.3-2021.10.macos64_1.0.0.202111181127/tools/bin/../lib/gcc/arm-none-eabi/10.3.1/../../../../arm-none-eabi/lib/thumb/v7e-m+fp/hard/libc_nano.a(lib_a-wbuf.o)
                0x000000000800b6e4                __swbuf_r
 .text.__ascii_wctomb
                0x000000000800b788       0x1a /Applications/STM32CubeIDE.app/Contents/Eclipse/plugins/com.st.stm32cube.ide.mcu.externaltools.gnu-tools-for-stm32.10.3-2021.10.macos64_1.0.0.202111181127/tools/bin/../lib/gcc/arm-none-eabi/10.3.1/../../../../arm-none-eabi/lib/thumb/v7e-m+fp/hard/libc_nano.a(lib_a-wctomb_r.o)
                0x000000000800b788                __ascii_wctomb
 *fill*         0x000000000800b7a2        0x2 
 .text.__swsetup_r
                0x000000000800b7a4       0xdc /Applications/STM32CubeIDE.app/Contents/Eclipse/plugins/com.st.stm32cube.ide.mcu.externaltools.gnu-tools-for-stm32.10.3-2021.10.macos64_1.0.0.202111181127/tools/bin/../lib/gcc/arm-none-eabi/10.3.1/../../../../arm-none-eabi/lib/thumb/v7e-m+fp/hard/libc_nano.a(lib_a-wsetup.o)
                0x000000000800b7a4                __swsetup_r
 .text.abort    0x000000000800b880        0xe /Applications/STM32CubeIDE.app/Contents/Eclipse/plugins/com.st.stm32cube.ide.mcu.externaltools.gnu-tools-for-stm32.10.3-2021.10.macos64_1.0.0.202111181127/tools/bin/../lib/gcc/arm-none-eabi/10.3.1/../../../../arm-none-eabi/lib/thumb/v7e-m+fp/hard/libc_nano.a(lib_a-abort.o)
                0x000000000800b880                abort
 *fill*         0x000000000800b88e        0x2 
 .text.__sflush_r
                0x000000000800b890      0x10c /Applications/STM32CubeIDE.app/Contents/Eclipse/plugins/com.st.stm32cube.ide.mcu.externaltools.gnu-tools-for-stm32.10.3-2021.10.macos64_1.0.0.202111181127/tools/bin/../lib/gcc/arm-none-eabi/10.3.1/../../../../arm-none-eabi/lib/thumb/v7e-m+fp/hard/libc_nano.a(lib_a-fflush.o)
                0x000000000800b890                __sflush_r
 .text._fflush_r
                0x000000000800b99c       0x78 /Applications/STM32CubeIDE.app/Contents/Eclipse/plugins/com.st.stm32cube.ide.mcu.externaltools.gnu-tools-for-stm32.10.3-2021.10.macos64_1.0.0.202111181127/tools/bin/../lib/gcc/arm-none-eabi/10.3.1/../../../../arm-none-eabi/lib/thumb/v7e-m+fp/hard/libc_nano.a(lib_a-fflush.o)
                0x000000000800b99c                _fflush_r
 .text.std      0x000000000800ba14       0x48 /Applications/STM32CubeIDE.app/Contents/Eclipse/plugins/com.st.stm32cube.ide.mcu.externaltools.gnu-tools-for-stm32.10.3-2021.10.macos64_1.0.0.202111181127/tools/bin/../lib/gcc/arm-none-eabi/10.3.1/../../../../arm-none-eabi/lib/thumb/v7e-m+fp/hard/libc_nano.a(lib_a-findfp.o)
 .text._cleanup_r
                0x000000000800ba5c        0xc /Applications/STM32CubeIDE.app/Contents/Eclipse/plugins/com.st.stm32cube.ide.mcu.externaltools.gnu-tools-for-stm32.10.3-2021.10.macos64_1.0.0.202111181127/tools/bin/../lib/gcc/arm-none-eabi/10.3.1/../../../../arm-none-eabi/lib/thumb/v7e-m+fp/hard/libc_nano.a(lib_a-findfp.o)
                0x000000000800ba5c                _cleanup_r
 .text.__sfmoreglue
                0x000000000800ba68       0x2c /Applications/STM32CubeIDE.app/Contents/Eclipse/plugins/com.st.stm32cube.ide.mcu.externaltools.gnu-tools-for-stm32.10.3-2021.10.macos64_1.0.0.202111181127/tools/bin/../lib/gcc/arm-none-eabi/10.3.1/../../../../arm-none-eabi/lib/thumb/v7e-m+fp/hard/libc_nano.a(lib_a-findfp.o)
                0x000000000800ba68                __sfmoreglue
 .text.__sfp_lock_acquire
                0x000000000800ba94        0xc /Applications/STM32CubeIDE.app/Contents/Eclipse/plugins/com.st.stm32cube.ide.mcu.externaltools.gnu-tools-for-stm32.10.3-2021.10.macos64_1.0.0.202111181127/tools/bin/../lib/gcc/arm-none-eabi/10.3.1/../../../../arm-none-eabi/lib/thumb/v7e-m+fp/hard/libc_nano.a(lib_a-findfp.o)
                0x000000000800ba94                __sfp_lock_acquire
 .text.__sfp_lock_release
                0x000000000800baa0        0xc /Applications/STM32CubeIDE.app/Contents/Eclipse/plugins/com.st.stm32cube.ide.mcu.externaltools.gnu-tools-for-stm32.10.3-2021.10.macos64_1.0.0.202111181127/tools/bin/../lib/gcc/arm-none-eabi/10.3.1/../../../../arm-none-eabi/lib/thumb/v7e-m+fp/hard/libc_nano.a(lib_a-findfp.o)
                0x000000000800baa0                __sfp_lock_release
 .text.__sinit_lock_acquire
                0x000000000800baac        0xc /Applications/STM32CubeIDE.app/Contents/Eclipse/plugins/com.st.stm32cube.ide.mcu.externaltools.gnu-tools-for-stm32.10.3-2021.10.macos64_1.0.0.202111181127/tools/bin/../lib/gcc/arm-none-eabi/10.3.1/../../../../arm-none-eabi/lib/thumb/v7e-m+fp/hard/libc_nano.a(lib_a-findfp.o)
                0x000000000800baac                __sinit_lock_acquire
 .text.__sinit_lock_release
                0x000000000800bab8        0xc /Applications/STM32CubeIDE.app/Contents/Eclipse/plugins/com.st.stm32cube.ide.mcu.externaltools.gnu-tools-for-stm32.10.3-2021.10.macos64_1.0.0.202111181127/tools/bin/../lib/gcc/arm-none-eabi/10.3.1/../../../../arm-none-eabi/lib/thumb/v7e-m+fp/hard/libc_nano.a(lib_a-findfp.o)
                0x000000000800bab8                __sinit_lock_release
 .text.__sinit  0x000000000800bac4       0x70 /Applications/STM32CubeIDE.app/Contents/Eclipse/plugins/com.st.stm32cube.ide.mcu.externaltools.gnu-tools-for-stm32.10.3-2021.10.macos64_1.0.0.202111181127/tools/bin/../lib/gcc/arm-none-eabi/10.3.1/../../../../arm-none-eabi/lib/thumb/v7e-m+fp/hard/libc_nano.a(lib_a-findfp.o)
                0x000000000800bac4                __sinit
 .text.__sfp    0x000000000800bb34       0x8c /Applications/STM32CubeIDE.app/Contents/Eclipse/plugins/com.st.stm32cube.ide.mcu.externaltools.gnu-tools-for-stm32.10.3-2021.10.macos64_1.0.0.202111181127/tools/bin/../lib/gcc/arm-none-eabi/10.3.1/../../../../arm-none-eabi/lib/thumb/v7e-m+fp/hard/libc_nano.a(lib_a-findfp.o)
                0x000000000800bb34                __sfp
 .text._fwalk_reent
                0x000000000800bbc0       0x3e /Applications/STM32CubeIDE.app/Contents/Eclipse/plugins/com.st.stm32cube.ide.mcu.externaltools.gnu-tools-for-stm32.10.3-2021.10.macos64_1.0.0.202111181127/tools/bin/../lib/gcc/arm-none-eabi/10.3.1/../../../../arm-none-eabi/lib/thumb/v7e-m+fp/hard/libc_nano.a(lib_a-fwalk.o)
                0x000000000800bbc0                _fwalk_reent
 .text.__swhatbuf_r
                0x000000000800bbfe       0x4a /Applications/STM32CubeIDE.app/Contents/Eclipse/plugins/com.st.stm32cube.ide.mcu.externaltools.gnu-tools-for-stm32.10.3-2021.10.macos64_1.0.0.202111181127/tools/bin/../lib/gcc/arm-none-eabi/10.3.1/../../../../arm-none-eabi/lib/thumb/v7e-m+fp/hard/libc_nano.a(lib_a-makebuf.o)
                0x000000000800bbfe                __swhatbuf_r
 .text.__smakebuf_r
                0x000000000800bc48       0x80 /Applications/STM32CubeIDE.app/Contents/Eclipse/plugins/com.st.stm32cube.ide.mcu.externaltools.gnu-tools-for-stm32.10.3-2021.10.macos64_1.0.0.202111181127/tools/bin/../lib/gcc/arm-none-eabi/10.3.1/../../../../arm-none-eabi/lib/thumb/v7e-m+fp/hard/libc_nano.a(lib_a-makebuf.o)
                0x000000000800bc48                __smakebuf_r
 .text._malloc_usable_size_r
                0x000000000800bcc8       0x10 /Applications/STM32CubeIDE.app/Contents/Eclipse/plugins/com.st.stm32cube.ide.mcu.externaltools.gnu-tools-for-stm32.10.3-2021.10.macos64_1.0.0.202111181127/tools/bin/../lib/gcc/arm-none-eabi/10.3.1/../../../../arm-none-eabi/lib/thumb/v7e-m+fp/hard/libc_nano.a(lib_a-nano-msizer.o)
                0x000000000800bcc8                _malloc_usable_size_r
 .text._raise_r
                0x000000000800bcd8       0x50 /Applications/STM32CubeIDE.app/Contents/Eclipse/plugins/com.st.stm32cube.ide.mcu.externaltools.gnu-tools-for-stm32.10.3-2021.10.macos64_1.0.0.202111181127/tools/bin/../lib/gcc/arm-none-eabi/10.3.1/../../../../arm-none-eabi/lib/thumb/v7e-m+fp/hard/libc_nano.a(lib_a-signal.o)
                0x000000000800bcd8                _raise_r
 .text.raise    0x000000000800bd28       0x10 /Applications/STM32CubeIDE.app/Contents/Eclipse/plugins/com.st.stm32cube.ide.mcu.externaltools.gnu-tools-for-stm32.10.3-2021.10.macos64_1.0.0.202111181127/tools/bin/../lib/gcc/arm-none-eabi/10.3.1/../../../../arm-none-eabi/lib/thumb/v7e-m+fp/hard/libc_nano.a(lib_a-signal.o)
                0x000000000800bd28                raise
 .text._kill_r  0x000000000800bd38       0x24 /Applications/STM32CubeIDE.app/Contents/Eclipse/plugins/com.st.stm32cube.ide.mcu.externaltools.gnu-tools-for-stm32.10.3-2021.10.macos64_1.0.0.202111181127/tools/bin/../lib/gcc/arm-none-eabi/10.3.1/../../../../arm-none-eabi/lib/thumb/v7e-m+fp/hard/libc_nano.a(lib_a-signalr.o)
                0x000000000800bd38                _kill_r
 .text._getpid_r
                0x000000000800bd5c        0x4 /Applications/STM32CubeIDE.app/Contents/Eclipse/plugins/com.st.stm32cube.ide.mcu.externaltools.gnu-tools-for-stm32.10.3-2021.10.macos64_1.0.0.202111181127/tools/bin/../lib/gcc/arm-none-eabi/10.3.1/../../../../arm-none-eabi/lib/thumb/v7e-m+fp/hard/libc_nano.a(lib_a-signalr.o)
                0x000000000800bd5c                _getpid_r
 .text.__sread  0x000000000800bd60       0x22 /Applications/STM32CubeIDE.app/Contents/Eclipse/plugins/com.st.stm32cube.ide.mcu.externaltools.gnu-tools-for-stm32.10.3-2021.10.macos64_1.0.0.202111181127/tools/bin/../lib/gcc/arm-none-eabi/10.3.1/../../../../arm-none-eabi/lib/thumb/v7e-m+fp/hard/libc_nano.a(lib_a-stdio.o)
                0x000000000800bd60                __sread
 .text.__swrite
                0x000000000800bd82       0x38 /Applications/STM32CubeIDE.app/Contents/Eclipse/plugins/com.st.stm32cube.ide.mcu.externaltools.gnu-tools-for-stm32.10.3-2021.10.macos64_1.0.0.202111181127/tools/bin/../lib/gcc/arm-none-eabi/10.3.1/../../../../arm-none-eabi/lib/thumb/v7e-m+fp/hard/libc_nano.a(lib_a-stdio.o)
                0x000000000800bd82                __swrite
 .text.__sseek  0x000000000800bdba       0x24 /Applications/STM32CubeIDE.app/Contents/Eclipse/plugins/com.st.stm32cube.ide.mcu.externaltools.gnu-tools-for-stm32.10.3-2021.10.macos64_1.0.0.202111181127/tools/bin/../lib/gcc/arm-none-eabi/10.3.1/../../../../arm-none-eabi/lib/thumb/v7e-m+fp/hard/libc_nano.a(lib_a-stdio.o)
                0x000000000800bdba                __sseek
 .text.__sclose
                0x000000000800bdde        0x8 /Applications/STM32CubeIDE.app/Contents/Eclipse/plugins/com.st.stm32cube.ide.mcu.externaltools.gnu-tools-for-stm32.10.3-2021.10.macos64_1.0.0.202111181127/tools/bin/../lib/gcc/arm-none-eabi/10.3.1/../../../../arm-none-eabi/lib/thumb/v7e-m+fp/hard/libc_nano.a(lib_a-stdio.o)
                0x000000000800bdde                __sclose
 *fill*         0x000000000800bde6        0x2 
 .text._write_r
                0x000000000800bde8       0x24 /Applications/STM32CubeIDE.app/Contents/Eclipse/plugins/com.st.stm32cube.ide.mcu.externaltools.gnu-tools-for-stm32.10.3-2021.10.macos64_1.0.0.202111181127/tools/bin/../lib/gcc/arm-none-eabi/10.3.1/../../../../arm-none-eabi/lib/thumb/v7e-m+fp/hard/libc_nano.a(lib_a-writer.o)
                0x000000000800bde8                _write_r
 .text._close_r
                0x000000000800be0c       0x20 /Applications/STM32CubeIDE.app/Contents/Eclipse/plugins/com.st.stm32cube.ide.mcu.externaltools.gnu-tools-for-stm32.10.3-2021.10.macos64_1.0.0.202111181127/tools/bin/../lib/gcc/arm-none-eabi/10.3.1/../../../../arm-none-eabi/lib/thumb/v7e-m+fp/hard/libc_nano.a(lib_a-closer.o)
                0x000000000800be0c                _close_r
 .text._fstat_r
                0x000000000800be2c       0x24 /Applications/STM32CubeIDE.app/Contents/Eclipse/plugins/com.st.stm32cube.ide.mcu.externaltools.gnu-tools-for-stm32.10.3-2021.10.macos64_1.0.0.202111181127/tools/bin/../lib/gcc/arm-none-eabi/10.3.1/../../../../arm-none-eabi/lib/thumb/v7e-m+fp/hard/libc_nano.a(lib_a-fstatr.o)
                0x000000000800be2c                _fstat_r
 .text._isatty_r
                0x000000000800be50       0x20 /Applications/STM32CubeIDE.app/Contents/Eclipse/plugins/com.st.stm32cube.ide.mcu.externaltools.gnu-tools-for-stm32.10.3-2021.10.macos64_1.0.0.202111181127/tools/bin/../lib/gcc/arm-none-eabi/10.3.1/../../../../arm-none-eabi/lib/thumb/v7e-m+fp/hard/libc_nano.a(lib_a-isattyr.o)
                0x000000000800be50                _isatty_r
 .text._lseek_r
                0x000000000800be70       0x24 /Applications/STM32CubeIDE.app/Contents/Eclipse/plugins/com.st.stm32cube.ide.mcu.externaltools.gnu-tools-for-stm32.10.3-2021.10.macos64_1.0.0.202111181127/tools/bin/../lib/gcc/arm-none-eabi/10.3.1/../../../../arm-none-eabi/lib/thumb/v7e-m+fp/hard/libc_nano.a(lib_a-lseekr.o)
                0x000000000800be70                _lseek_r
 .text._read_r  0x000000000800be94       0x24 /Applications/STM32CubeIDE.app/Contents/Eclipse/plugins/com.st.stm32cube.ide.mcu.externaltools.gnu-tools-for-stm32.10.3-2021.10.macos64_1.0.0.202111181127/tools/bin/../lib/gcc/arm-none-eabi/10.3.1/../../../../arm-none-eabi/lib/thumb/v7e-m+fp/hard/libc_nano.a(lib_a-readr.o)
                0x000000000800be94                _read_r
 .text.round    0x000000000800beb8       0x8c /Applications/STM32CubeIDE.app/Contents/Eclipse/plugins/com.st.stm32cube.ide.mcu.externaltools.gnu-tools-for-stm32.10.3-2021.10.macos64_1.0.0.202111181127/tools/bin/../lib/gcc/arm-none-eabi/10.3.1/../../../../arm-none-eabi/lib/thumb/v7e-m+fp/hard/libm.a(lib_a-s_round.o)
                0x000000000800beb8                round
 *(.glue_7)
 .glue_7        0x000000000800bf44        0x0 linker stubs
 *(.glue_7t)
 .glue_7t       0x000000000800bf44        0x0 linker stubs
 *(.eh_frame)
 .eh_frame      0x000000000800bf44        0x0 /Applications/STM32CubeIDE.app/Contents/Eclipse/plugins/com.st.stm32cube.ide.mcu.externaltools.gnu-tools-for-stm32.10.3-2021.10.macos64_1.0.0.202111181127/tools/bin/../lib/gcc/arm-none-eabi/10.3.1/thumb/v7e-m+fp/hard/crtbegin.o
 *(.init)
 .init          0x000000000800bf44        0x4 /Applications/STM32CubeIDE.app/Contents/Eclipse/plugins/com.st.stm32cube.ide.mcu.externaltools.gnu-tools-for-stm32.10.3-2021.10.macos64_1.0.0.202111181127/tools/bin/../lib/gcc/arm-none-eabi/10.3.1/thumb/v7e-m+fp/hard/crti.o
                0x000000000800bf44                _init
 .init          0x000000000800bf48        0x8 /Applications/STM32CubeIDE.app/Contents/Eclipse/plugins/com.st.stm32cube.ide.mcu.externaltools.gnu-tools-for-stm32.10.3-2021.10.macos64_1.0.0.202111181127/tools/bin/../lib/gcc/arm-none-eabi/10.3.1/thumb/v7e-m+fp/hard/crtn.o
 *(.fini)
 .fini          0x000000000800bf50        0x4 /Applications/STM32CubeIDE.app/Contents/Eclipse/plugins/com.st.stm32cube.ide.mcu.externaltools.gnu-tools-for-stm32.10.3-2021.10.macos64_1.0.0.202111181127/tools/bin/../lib/gcc/arm-none-eabi/10.3.1/thumb/v7e-m+fp/hard/crti.o
                0x000000000800bf50                _fini
 .fini          0x000000000800bf54        0x8 /Applications/STM32CubeIDE.app/Contents/Eclipse/plugins/com.st.stm32cube.ide.mcu.externaltools.gnu-tools-for-stm32.10.3-2021.10.macos64_1.0.0.202111181127/tools/bin/../lib/gcc/arm-none-eabi/10.3.1/thumb/v7e-m+fp/hard/crtn.o
                0x000000000800bf5c                . = ALIGN (0x4)
                0x000000000800bf5c                _etext = .

.vfp11_veneer   0x000000000800bf5c        0x0
 .vfp11_veneer  0x000000000800bf5c        0x0 linker stubs

.v4_bx          0x000000000800bf5c        0x0
 .v4_bx         0x000000000800bf5c        0x0 linker stubs

.iplt           0x000000000800bf5c        0x0
 .iplt          0x000000000800bf5c        0x0 /Applications/STM32CubeIDE.app/Contents/Eclipse/plugins/com.st.stm32cube.ide.mcu.externaltools.gnu-tools-for-stm32.10.3-2021.10.macos64_1.0.0.202111181127/tools/bin/../lib/gcc/arm-none-eabi/10.3.1/thumb/v7e-m+fp/hard/crtbegin.o

.rodata         0x000000000800bf60      0x60c
                0x000000000800bf60                . = ALIGN (0x4)
 *(.rodata)
 .rodata        0x000000000800bf60        0xb ./Core/Src/FEB_BMS_Shutdown.o
 *fill*         0x000000000800bf6b        0x1 
 .rodata        0x000000000800bf6c       0x10 ./Core/Src/FEB_LTC6811.o
 *(.rodata*)
 .rodata.crc15Table
                0x000000000800bf7c      0x200 ./Core/Src/LTC681x.o
                0x000000000800bf7c                crc15Table
 .rodata.AHBPrescTable
                0x000000000800c17c       0x10 ./Core/Src/system_stm32f4xx.o
                0x000000000800c17c                AHBPrescTable
 .rodata.APBPrescTable
                0x000000000800c18c        0x8 ./Core/Src/system_stm32f4xx.o
                0x000000000800c18c                APBPrescTable
 .rodata._global_impure_ptr
                0x000000000800c194        0x4 /Applications/STM32CubeIDE.app/Contents/Eclipse/plugins/com.st.stm32cube.ide.mcu.externaltools.gnu-tools-for-stm32.10.3-2021.10.macos64_1.0.0.202111181127/tools/bin/../lib/gcc/arm-none-eabi/10.3.1/../../../../arm-none-eabi/lib/thumb/v7e-m+fp/hard/libc_nano.a(lib_a-impure.o)
                0x000000000800c194                _global_impure_ptr
 .rodata._printf_float.str1.1
                0x000000000800c198       0x12 /Applications/STM32CubeIDE.app/Contents/Eclipse/plugins/com.st.stm32cube.ide.mcu.externaltools.gnu-tools-for-stm32.10.3-2021.10.macos64_1.0.0.202111181127/tools/bin/../lib/gcc/arm-none-eabi/10.3.1/../../../../arm-none-eabi/lib/thumb/v7e-m+fp/hard/libc_nano.a(lib_a-nano-vfprintf_float.o)
 .rodata._printf_i.str1.1
                0x000000000800c1aa       0x22 /Applications/STM32CubeIDE.app/Contents/Eclipse/plugins/com.st.stm32cube.ide.mcu.externaltools.gnu-tools-for-stm32.10.3-2021.10.macos64_1.0.0.202111181127/tools/bin/../lib/gcc/arm-none-eabi/10.3.1/../../../../arm-none-eabi/lib/thumb/v7e-m+fp/hard/libc_nano.a(lib_a-nano-vfprintf_i.o)
 .rodata._dtoa_r.str1.1
                0x000000000800c1cc       0x90 /Applications/STM32CubeIDE.app/Contents/Eclipse/plugins/com.st.stm32cube.ide.mcu.externaltools.gnu-tools-for-stm32.10.3-2021.10.macos64_1.0.0.202111181127/tools/bin/../lib/gcc/arm-none-eabi/10.3.1/../../../../arm-none-eabi/lib/thumb/v7e-m+fp/hard/libc_nano.a(lib_a-dtoa.o)
                                         0x92 (size before relaxing)
 .rodata._Balloc.str1.1
                0x000000000800c25c       0x5c /Applications/STM32CubeIDE.app/Contents/Eclipse/plugins/com.st.stm32cube.ide.mcu.externaltools.gnu-tools-for-stm32.10.3-2021.10.macos64_1.0.0.202111181127/tools/bin/../lib/gcc/arm-none-eabi/10.3.1/../../../../arm-none-eabi/lib/thumb/v7e-m+fp/hard/libc_nano.a(lib_a-mprec.o)
                                         0x73 (size before relaxing)
 .rodata.__multadd.str1.1
                0x000000000800c2b8       0x11 /Applications/STM32CubeIDE.app/Contents/Eclipse/plugins/com.st.stm32cube.ide.mcu.externaltools.gnu-tools-for-stm32.10.3-2021.10.macos64_1.0.0.202111181127/tools/bin/../lib/gcc/arm-none-eabi/10.3.1/../../../../arm-none-eabi/lib/thumb/v7e-m+fp/hard/libc_nano.a(lib_a-mprec.o)
 .rodata.__mprec_bigtens
                0x000000000800c2b8       0x28 /Applications/STM32CubeIDE.app/Contents/Eclipse/plugins/com.st.stm32cube.ide.mcu.externaltools.gnu-tools-for-stm32.10.3-2021.10.macos64_1.0.0.202111181127/tools/bin/../lib/gcc/arm-none-eabi/10.3.1/../../../../arm-none-eabi/lib/thumb/v7e-m+fp/hard/libc_nano.a(lib_a-mprec.o)
                0x000000000800c2b8                __mprec_bigtens
 .rodata.__mprec_tens