../Drivers/STM32F4xx_HAL_Driver/Src/stm32f4xx_hal_rcc 2.c:200:26:HAL_RCC_DeInit	4	static
../Drivers/STM32F4xx_HAL_Driver/Src/stm32f4xx_hal_rcc 2.c:219:26:HAL_RCC_OscConfig	32	static
../Drivers/STM32F4xx_HAL_Driver/Src/stm32f4xx_hal_rcc 2.c:591:19:HAL_RCC_ClockConfig	24	static
../Drivers/STM32F4xx_HAL_Driver/Src/stm32f4xx_hal_rcc 2.c:775:6:HAL_RCC_MCOConfig	56	static
../Drivers/STM32F4xx_HAL_Driver/Src/stm32f4xx_hal_rcc 2.c:841:6:HAL_RCC_EnableCSS	4	static
../Drivers/STM32F4xx_HAL_Driver/Src/stm32f4xx_hal_rcc 2.c:850:6:HAL_RCC_DisableCSS	4	static
../Drivers/STM32F4xx_HAL_Driver/Src/stm32f4xx_hal_rcc 2.c:885:17:HAL_RCC_GetSysClockFreq	112	static
../Drivers/STM32F4xx_HAL_Driver/Src/stm32f4xx_hal_rcc 2.c:941:10:HAL_RCC_GetHCLKFreq	4	static
../Drivers/STM32F4xx_HAL_Driver/Src/stm32f4xx_hal_rcc 2.c:952:10:HAL_RCC_GetPCLK1Freq	8	static
../Drivers/STM32F4xx_HAL_Driver/Src/stm32f4xx_hal_rcc 2.c:964:10:HAL_RCC_GetPCLK2Freq	8	static
../Drivers/STM32F4xx_HAL_Driver/Src/stm32f4xx_hal_rcc 2.c:977:13:HAL_RCC_GetOscConfig	16	static
../Drivers/STM32F4xx_HAL_Driver/Src/stm32f4xx_hal_rcc 2.c:1056:6:HAL_RCC_GetClockConfig	16	static
../Drivers/STM32F4xx_HAL_Driver/Src/stm32f4xx_hal_rcc 2.c:1082:6:HAL_RCC_NMI_IRQHandler	8	static
../Drivers/STM32F4xx_HAL_Driver/Src/stm32f4xx_hal_rcc 2.c:1099:13:HAL_RCC_CSSCallback	4	static
