../Core/Inc/FEB_CAN_NODE.h:37:6:Store_EMERGENCY_Msg	168	static
../Core/Inc/FEB_CAN_NODE.h:69:6:Store_BMS_Msg	176	static
../Core/Inc/FEB_CAN_NODE.h:107:6:Store_SW_Msg	168	static
../Core/Inc/FEB_CAN_NODE.h:153:6:Store_APPS_Msg	176	static
../Core/Inc/FEB_CAN_NODE.h:192:22:assign_filter_array	16	static
../Core/Inc/FEB_CAN_NODE.h:207:19:assign_filter_array_legnth	16	static
../Core/Inc/FEB_CAN_NODE.h:222:6:store_msg	40	static
../Core/Inc/FEB_CAN.h:13:6:FEB_CAN_Filter_Config	56	static
../Core/Inc/FEB_CAN.h:33:6:FEB_CAN_Init	24	static
../Core/Inc/FEB_CAN.h:63:6:FEB_CAN_Receive	16	static
../Core/Inc/FEB_CAN.h:70:6:FEB_CAN_Transmit	24	static
../Core/Inc/FEB_CAN.h:88:6:HAL_CAN_RxFifo0MsgPendingCallback	16	static
../Core/Inc/FEB_CAN.h:93:6:HAL_CAN_RxFifo1MsgPendingCallback	16	static
../Core/Src/main.c:73:5:main	24	static
../Core/Src/main.c:128:6:SystemClock_Config	88	static
../Core/Src/main.c:175:13:MX_CAN1_Init	8	static
../Core/Src/main.c:212:13:MX_SPI2_Init	8	static
../Core/Src/main.c:249:13:MX_USART2_UART_Init	8	static
../Core/Src/main.c:282:13:MX_GPIO_Init	48	static
../Core/Src/main.c:322:6:Error_Handler	4	static,ignoring_inline_asm
