../Core/Inc/FEB_CAN_NODE.h:36:6:Store_EMERGENCY_Msg	168	static
../Core/Inc/FEB_CAN_NODE.h:68:6:Store_BMS_Msg	176	static
../Core/Inc/FEB_CAN_NODE.h:97:6:Store_SM_Msg	168	static
../Core/Inc/FEB_CAN_NODE.h:131:6:Store_APPS_Msg	176	static
../Core/Inc/FEB_CAN_NODE.h:172:6:Store_SW_Msg	168	static
../Core/Inc/FEB_CAN_NODE.h:208:22:assign_filter_array	16	static
../Core/Inc/FEB_CAN_NODE.h:232:19:assign_filter_array_legnth	16	static
../Core/Inc/FEB_CAN_NODE.h:256:6:store_msg	16	static
../Core/Inc/FEB_CAN.h:37:6:FEB_CAN_Filter_Config	56	static
../Core/Inc/FEB_CAN.h:76:6:FEB_CAN_Init	24	static
../Core/Inc/FEB_CAN.h:106:6:FEB_CAN_Receive	16	static
../Core/Inc/FEB_CAN.h:122:6:FEB_CAN_Transmit	24	static
../Core/Inc/FEB_CAN.h:140:6:HAL_CAN_RxFifo0MsgPendingCallback	16	static
../Core/Inc/FEB_CAN.h:145:6:HAL_CAN_RxFifo1MsgPendingCallback	16	static
../Core/Src/main.c:73:5:main	152	static
../Core/Src/main.c:130:6:SystemClock_Config	88	static
../Core/Src/main.c:177:13:MX_CAN1_Init	8	static
../Core/Src/main.c:214:13:MX_SPI2_Init	8	static
../Core/Src/main.c:251:13:MX_USART2_UART_Init	8	static
../Core/Src/main.c:284:13:MX_GPIO_Init	48	static
../Core/Src/main.c:324:6:Error_Handler	4	static,ignoring_inline_asm
