../Core/Inc/FEB_CAN_NODE.h:37:6:Store_EMERGENCY_Msg	168	static
../Core/Inc/FEB_CAN_NODE.h:69:6:Store_BMS_Msg	176	static
../Core/Inc/FEB_CAN_NODE.h:107:6:Store_SW_Msg	168	static
../Core/Inc/FEB_CAN_NODE.h:153:6:Store_APPS_Msg	176	static
../Core/Inc/FEB_CAN_NODE.h:192:22:assign_filter_array	16	static
../Core/Inc/FEB_CAN_NODE.h:207:19:assign_filter_array_legnth	16	static
../Core/Inc/FEB_CAN_NODE.h:222:6:store_msg	40	static
../Core/Inc/FEB_CAN.h:12:6:FEB_CAN_Filter_Config	56	static
../Core/Inc/FEB_CAN.h:32:6:FEB_CAN_Init	24	static
../Core/Inc/FEB_CAN.h:62:6:FEB_CAN_Receive	16	static
../Core/Inc/FEB_CAN.h:69:6:FEB_CAN_Transmit	24	static
../Core/Inc/FEB_CAN.h:87:6:HAL_CAN_RxFifo0MsgPendingCallback	16	static
../Core/Inc/FEB_CAN.h:91:6:HAL_CAN_RxFifo1MsgPendingCallback	16	static
../Core/Src/main.c:76:5:main	32	static
../Core/Src/main.c:138:6:SystemClock_Config	88	static
../Core/Src/main.c:185:13:MX_CAN1_Init	8	static
../Core/Src/main.c:222:13:MX_SPI2_Init	8	static
../Core/Src/main.c:259:13:MX_USART2_UART_Init	8	static
../Core/Src/main.c:290:13:MX_DMA_Init	16	static
../Core/Src/main.c:311:13:MX_GPIO_Init	48	static
../Core/Src/main.c:351:6:Error_Handler	4	static,ignoring_inline_asm
