../Core/Inc/FEB_CAN_NODE.h:29:6:Store_EMERGENCY_Msg	24	static
../Core/Inc/FEB_CAN_NODE.h:55:6:Store_BMS_Msg	24	static
../Core/Inc/FEB_CAN_NODE.h:78:6:Store_SM_Msg	24	static
../Core/Inc/FEB_CAN_NODE.h:107:6:Store_APPS_Msg	24	static
../Core/Inc/FEB_CAN_NODE.h:141:22:assign_filter_array	16	static
../Core/Inc/FEB_CAN_NODE.h:159:19:assign_filter_array_legnth	16	static
../Core/Inc/FEB_CAN_NODE.h:177:6:store_msg	16	static
../Core/Inc/FEB_CAN.h:13:6:FEB_CAN_Filter_Config	72	static
../Core/Inc/FEB_CAN.h:35:6:FEB_CAN_Init	32	static
../Core/Inc/FEB_CAN.h:69:6:FEB_CAN_Receive	16	static
../Core/Inc/FEB_CAN.h:76:6:FEB_CAN_Transmit	24	static
../Core/Inc/FEB_CAN.h:94:6:HAL_CAN_RxFifo0MsgPendingCallback	16	static
../Core/Inc/FEB_CAN.h:99:6:HAL_CAN_RxFifo1MsgPendingCallback	16	static
../Core/Src/main.c:94:5:main	112	static
../Core/Src/main.c:194:6:SystemClock_Config	88	static
../Core/Src/main.c:241:13:MX_CAN1_Init	8	static
../Core/Src/main.c:278:13:MX_I2C1_Init	8	static
../Core/Src/main.c:312:13:MX_USART2_UART_Init	8	static
../Core/Src/main.c:345:13:MX_GPIO_Init	48	static
../Core/Src/main.c:419:6:Error_Handler	4	static,ignoring_inline_asm
