FEB_CAN_NODE.h:29:6:Store_EMERGENCY_Msg	3
FEB_CAN_NODE.h:55:6:Store_BMS_Msg	3
FEB_CAN_NODE.h:87:6:Store_SW_Msg	5
FEB_CAN_NODE.h:125:6:Store_APPS_Msg	5
FEB_CAN_NODE.h:159:22:assign_filter_array	5
FEB_CAN_NODE.h:177:19:assign_filter_array_legnth	5
FEB_CAN_NODE.h:195:6:store_msg	5
FEB_CAN.h:15:6:FEB_CAN_Filter_Config	3
FEB_CAN.h:37:6:FEB_CAN_Init	4
FEB_CAN.h:71:6:FEB_CAN_Receive	2
FEB_CAN.h:78:6:FEB_CAN_Transmit	3
FEB_CAN.h:96:6:HAL_CAN_RxFifo0MsgPendingCallback	1
FEB_CAN.h:101:6:HAL_CAN_RxFifo1MsgPendingCallback	1
main.c:100:5:main	6
main.c:213:6:SystemClock_Config	3
main.c:260:13:MX_CAN1_Init	2
main.c:297:13:MX_I2C1_Init	2
main.c:331:13:MX_USART2_UART_Init	2
main.c:364:13:MX_GPIO_Init	1
main.c:438:6:Error_Handler	1
