../Core/Inc/FEB_CAN_NODE.h:29:6:Store_EMERGENCY_Msg	24	static
../Core/Inc/FEB_CAN_NODE.h:55:6:Store_BMS_Msg	24	static
../Core/Inc/FEB_CAN_NODE.h:78:6:Store_SW_Msg	24	static
../Core/Inc/FEB_CAN_NODE.h:107:6:Store_APPS_Msg	24	static
../Core/Inc/FEB_CAN_NODE.h:145:22:assign_filter_array	16	static
../Core/Inc/FEB_CAN_NODE.h:163:19:assign_filter_array_legnth	16	static
../Core/Inc/FEB_CAN_NODE.h:181:6:store_msg	16	static
../Core/Inc/FEB_CAN.h:15:6:FEB_CAN_Filter_Config	72	static
../Core/Inc/FEB_CAN.h:37:6:FEB_CAN_Init	32	static
../Core/Inc/FEB_CAN.h:71:6:FEB_CAN_Receive	16	static
../Core/Inc/FEB_CAN.h:78:6:FEB_CAN_Transmit	24	static
../Core/Inc/FEB_CAN.h:96:6:HAL_CAN_RxFifo0MsgPendingCallback	16	static
../Core/Inc/FEB_CAN.h:101:6:HAL_CAN_RxFifo1MsgPendingCallback	16	static
../Core/Src/main.c:100:5:main	152	static
../Core/Src/main.c:213:6:SystemClock_Config	88	static
../Core/Src/main.c:260:13:MX_CAN1_Init	8	static
../Core/Src/main.c:297:13:MX_I2C1_Init	8	static
../Core/Src/main.c:331:13:MX_USART2_UART_Init	8	static
../Core/Src/main.c:364:13:MX_GPIO_Init	48	static
../Core/Src/main.c:438:6:Error_Handler	4	static,ignoring_inline_asm
