../Core/Inc/FEB_CAN_NODE.h:29:6:Store_EMERGENCY_Msg	24	static
../Core/Inc/FEB_CAN_NODE.h:55:6:Store_BMS_Msg	24	static
../Core/Inc/FEB_CAN_NODE.h:78:6:Store_SM_Msg	24	static
../Core/Inc/FEB_CAN_NODE.h:107:6:Store_APPS_Msg	24	static
../Core/Inc/FEB_CAN_NODE.h:141:22:assign_filter_array	16	static
../Core/Inc/FEB_CAN_NODE.h:159:19:assign_filter_array_legnth	16	static
../Core/Inc/FEB_CAN_NODE.h:177:6:store_msg	16	static
../Core/Inc/FEB_CAN.h:15:6:FEB_CAN_Filter_Config	72	static
../Core/Inc/FEB_CAN.h:37:6:FEB_CAN_Init	32	static
../Core/Inc/FEB_CAN.h:71:6:FEB_CAN_Receive	16	static
../Core/Inc/FEB_CAN.h:78:6:FEB_CAN_Transmit	24	static
../Core/Inc/FEB_CAN.h:96:6:HAL_CAN_RxFifo0MsgPendingCallback	16	static
../Core/Inc/FEB_CAN.h:101:6:HAL_CAN_RxFifo1MsgPendingCallback	16	static
../Core/Src/stm32f4xx_it.c:69:6:NMI_Handler	4	static
../Core/Src/stm32f4xx_it.c:84:6:HardFault_Handler	4	static
../Core/Src/stm32f4xx_it.c:99:6:MemManage_Handler	4	static
../Core/Src/stm32f4xx_it.c:114:6:BusFault_Handler	4	static
../Core/Src/stm32f4xx_it.c:129:6:UsageFault_Handler	4	static
../Core/Src/stm32f4xx_it.c:144:6:SVC_Handler	4	static
../Core/Src/stm32f4xx_it.c:157:6:DebugMon_Handler	4	static
../Core/Src/stm32f4xx_it.c:170:6:PendSV_Handler	4	static
../Core/Src/stm32f4xx_it.c:183:6:SysTick_Handler	8	static
../Core/Src/stm32f4xx_it.c:204:6:CAN1_RX0_IRQHandler	8	static
../Core/Src/stm32f4xx_it.c:218:6:CAN1_RX1_IRQHandler	8	static
