../Core/Src/FEB_LTC6811.c:23:6:FEB_LTC6811_Setup	48	static
../Core/Src/FEB_LTC6811.c:39:6:FEB_LTC6811_Poll_Voltage	8	static
../Core/Src/FEB_LTC6811.c:45:6:FEB_LTC6811_Start_Cell_ADC_Measurement	8	static
../Core/Src/FEB_LTC6811.c:51:6:FEB_LTC6811_Read_Cell_Voltage_Registers	8	static
../Core/Src/FEB_LTC6811.c:56:6:FEB_LTC6811_Store_Voltage	24	static
../Core/Src/FEB_LTC6811.c:82:7:FEB_LTC6811_Convert_Voltage	16	static
../Core/Src/FEB_LTC6811.c:91:6:FEB_LTC6811_Balance_Cells	16	static
../Core/Src/FEB_LTC6811.c:101:6:FEB_LTC6811_Clear_Balance_Cells	8	static
../Core/Src/FEB_LTC6811.c:110:6:FEB_LTC6811_Validate_Voltage	16	static
../Core/Src/FEB_LTC6811.c:121:6:FEB_LTC6811_UART_Transmit_Voltage	1296	static
../Core/Src/FEB_LTC6811.c:146:7:FEB_LTC6811_Total_Bank_Voltage	16	static
../Core/Src/FEB_LTC6811.c:158:9:FEB_LTC6811_Cells_Charged	24	static
../Core/Src/FEB_LTC6811.c:171:6:FEB_LTC6811_Clear_Voltage	16	static
../Core/Src/FEB_LTC6811.c:181:6:FEB_LTC6811_Poll_Temperature	16	static
../Core/Src/FEB_LTC6811.c:190:6:FEB_LTC6811_Update_GPIO	56	static
../Core/Src/FEB_LTC6811.c:205:6:FEB_LTC6811_Start_GPIO_ADC_Measurement	8	static
../Core/Src/FEB_LTC6811.c:211:6:FEB_LTC6811_Read_Aux_Voltages	8	static
../Core/Src/FEB_LTC6811.c:216:6:FEB_LTC6811_Store_Temperature	32	static
../Core/Src/FEB_LTC6811.c:253:7:FEB_LTC6811_Convert_Temperature	16	static
../Core/Src/FEB_LTC6811.c:264:6:FEB_LTC6811_Validate_Temperature	16	static
../Core/Src/FEB_LTC6811.c:275:6:FEB_LTC6811_UART_Transmit_Temperature	1296	static
../Core/Src/FEB_LTC6811.c:299:6:FEB_LTC6811_Clear_Temperature	16	static
