../Core/Src/FEB_LTC6811.c:23:6:FEB_LTC6811_Setup	48	static
../Core/Src/FEB_LTC6811.c:42:6:FEB_LTC6811_Poll_Voltage	8	static
../Core/Src/FEB_LTC6811.c:48:6:FEB_LTC6811_Start_Cell_ADC_Measurement	8	static
../Core/Src/FEB_LTC6811.c:54:6:FEB_LTC6811_Read_Cell_Voltage_Registers	8	static
../Core/Src/FEB_LTC6811.c:59:6:FEB_LTC6811_Store_Voltage	24	static
../Core/Src/FEB_LTC6811.c:85:7:FEB_LTC6811_Convert_Voltage	16	static
../Core/Src/FEB_LTC6811.c:94:6:FEB_LTC6811_Balance_Cells	16	static
../Core/Src/FEB_LTC6811.c:104:6:FEB_LTC6811_Clear_Balance_Cells	8	static
../Core/Src/FEB_LTC6811.c:113:6:FEB_LTC6811_Validate_Voltage	16	static
../Core/Src/FEB_LTC6811.c:124:6:FEB_LTC6811_UART_Transmit_Voltage	1296	static
../Core/Src/FEB_LTC6811.c:149:7:FEB_LTC6811_Total_Bank_Voltage	16	static
../Core/Src/FEB_LTC6811.c:161:9:FEB_LTC6811_Cells_Charged	24	static
../Core/Src/FEB_LTC6811.c:175:6:FEB_LTC6811_Clear_Voltage	16	static
../Core/Src/FEB_LTC6811.c:185:6:FEB_LTC6811_Poll_Temperature	16	static
../Core/Src/FEB_LTC6811.c:194:6:FEB_LTC6811_Update_GPIO	56	static
../Core/Src/FEB_LTC6811.c:209:6:FEB_LTC6811_Start_GPIO_ADC_Measurement	8	static
../Core/Src/FEB_LTC6811.c:215:6:FEB_LTC6811_Read_Aux_Voltages	8	static
../Core/Src/FEB_LTC6811.c:220:6:FEB_LTC6811_Store_Temperature	32	static
../Core/Src/FEB_LTC6811.c:257:7:FEB_LTC6811_Convert_Temperature	16	static
../Core/Src/FEB_LTC6811.c:268:6:FEB_LTC6811_Validate_Temperature	16	static
../Core/Src/FEB_LTC6811.c:279:6:FEB_LTC6811_UART_Transmit_Temperature	1296	static
../Core/Src/FEB_LTC6811.c:303:6:FEB_LTC6811_Clear_Temperature	16	static
