../Core/Src/FEB_LTC6811.c:32:6:FEB_LTC6811_Setup	48	static
../Core/Src/FEB_LTC6811.c:43:6:FEB_LTC6811_Config_Cell_Discharge	16	static
../Core/Src/FEB_LTC6811.c:53:6:FEB_LTC6811_Poll_Voltage	8	static
../Core/Src/FEB_LTC6811.c:59:6:FEB_LTC6811_Start_Cell_ADC_Measurement	8	static
../Core/Src/FEB_LTC6811.c:65:6:FEB_LTC6811_Read_Cell_Voltage_Registers	8	static
../Core/Src/FEB_LTC6811.c:70:6:FEB_LTC6811_Store_Voltage	24	static
../Core/Src/FEB_LTC6811.c:83:7:FEB_LTC6811_Convert_Voltage	16	static
../Core/Src/FEB_LTC6811.c:93:9:FEB_LTC6811_Get_IC	16	static
../Core/Src/FEB_LTC6811.c:101:9:FEB_LTC6811_Cell_Idx	16	static
../Core/Src/FEB_LTC6811.c:105:6:FEB_LTC6811_Set_Discharge_Target_Voltage	16	static
../Core/Src/FEB_LTC6811.c:121:6:FEB_LTC6811_Balance_Cells	4	static
../Core/Src/FEB_LTC6811.c:145:6:FEB_LTC6811_Balance_Cell	24	static
../Core/Src/FEB_LTC6811.c:149:6:FEB_LTC6811_Clear_Balance_Cells	16	static
../Core/Src/FEB_LTC6811.c:158:6:FEB_LTC6811_Clear_Balance_Cell	24	static
../Core/Src/FEB_LTC6811.c:162:6:FEB_LTC6811_Configure_DCCBITS_A	24	static
../Core/Src/FEB_LTC6811.c:168:6:FEB_LTC6811_UART_Transmit_Discharge	1304	static
../Core/Src/FEB_LTC6811.c:194:6:FEB_LTC6811_Validate_Voltage	16	static
../Core/Src/FEB_LTC6811.c:205:6:FEB_LTC6811_UART_Transmit_Voltage	1296	static
../Core/Src/FEB_LTC6811.c:230:7:FEB_LTC6811_Total_Bank_Voltage	16	static
../Core/Src/FEB_LTC6811.c:242:9:FEB_LTC6811_Cells_Charged	24	static
../Core/Src/FEB_LTC6811.c:255:6:FEB_LTC6811_Clear_Voltage	16	static
../Core/Src/FEB_LTC6811.c:265:6:FEB_LTC6811_Poll_Temperature	16	static
../Core/Src/FEB_LTC6811.c:274:6:FEB_LTC6811_Update_GPIO	56	static
../Core/Src/FEB_LTC6811.c:290:6:FEB_LTC6811_Start_GPIO_ADC_Measurement	8	static
../Core/Src/FEB_LTC6811.c:296:6:FEB_LTC6811_Read_Aux_Voltages	8	static
../Core/Src/FEB_LTC6811.c:301:6:FEB_LTC6811_Store_Temperature	32	static
../Core/Src/FEB_LTC6811.c:338:7:FEB_LTC6811_Convert_Temperature	16	static
../Core/Src/FEB_LTC6811.c:349:6:FEB_LTC6811_Validate_Temperature	24	static
../Core/Src/FEB_LTC6811.c:366:6:FEB_LTC6811_UART_Transmit_Temperature	1296	static
../Core/Src/FEB_LTC6811.c:390:6:FEB_LTC6811_Clear_Temperature	16	static
