../Core/Src/FEB_LTC6811.c:33:6:FEB_LTC6811_Init	48	static
../Core/Src/FEB_LTC6811.c:44:6:FEB_LTC6811_Config_Cell_Discharge	16	static
../Core/Src/FEB_LTC6811.c:54:6:FEB_LTC6811_Poll_Voltage	8	static
../Core/Src/FEB_LTC6811.c:60:6:FEB_LTC6811_Start_Cell_ADC_Measurement	8	static
../Core/Src/FEB_LTC6811.c:66:6:FEB_LTC6811_Read_Cell_Voltage_Registers	8	static
../Core/Src/FEB_LTC6811.c:71:6:FEB_LTC6811_Store_Voltage	24	static
../Core/Src/FEB_LTC6811.c:84:7:FEB_LTC6811_Convert_Voltage	16	static
../Core/Src/FEB_LTC6811.c:94:9:FEB_LTC6811_Get_IC	16	static
../Core/Src/FEB_LTC6811.c:102:9:FEB_LTC6811_Cell_Idx	16	static
../Core/Src/FEB_LTC6811.c:106:6:FEB_LTC6811_Set_Discharge_Target_Voltage	16	static
../Core/Src/FEB_LTC6811.c:122:6:FEB_LTC6811_Balance_Cells	4	static
../Core/Src/FEB_LTC6811.c:146:6:FEB_LTC6811_Balance_Cell	24	static
../Core/Src/FEB_LTC6811.c:150:6:FEB_LTC6811_Clear_Balance_Cells	16	static
../Core/Src/FEB_LTC6811.c:159:6:FEB_LTC6811_Clear_Balance_Cell	24	static
../Core/Src/FEB_LTC6811.c:163:6:FEB_LTC6811_Configure_DCCBITS_A	24	static
../Core/Src/FEB_LTC6811.c:169:6:FEB_LTC6811_UART_Transmit_Discharge	1304	static
../Core/Src/FEB_LTC6811.c:195:6:FEB_LTC6811_Validate_Voltage	16	static
../Core/Src/FEB_LTC6811.c:211:6:FEB_LTC6811_UART_Transmit_Voltage	1296	static
../Core/Src/FEB_LTC6811.c:236:7:FEB_LTC6811_Total_Bank_Voltage	16	static
../Core/Src/FEB_LTC6811.c:248:9:FEB_LTC6811_Cells_Charged	24	static
../Core/Src/FEB_LTC6811.c:261:6:FEB_LTC6811_Clear_Voltage	16	static
../Core/Src/FEB_LTC6811.c:271:6:FEB_LTC6811_Poll_Temperature	16	static
../Core/Src/FEB_LTC6811.c:280:6:FEB_LTC6811_Update_GPIO	56	static
../Core/Src/FEB_LTC6811.c:296:6:FEB_LTC6811_Start_GPIO_ADC_Measurement	8	static
../Core/Src/FEB_LTC6811.c:302:6:FEB_LTC6811_Read_Aux_Voltages	8	static
../Core/Src/FEB_LTC6811.c:307:6:FEB_LTC6811_Store_Temperature	32	static
../Core/Src/FEB_LTC6811.c:344:7:FEB_LTC6811_Convert_Temperature	16	static
../Core/Src/FEB_LTC6811.c:355:6:FEB_LTC6811_Validate_Temperature	24	static
../Core/Src/FEB_LTC6811.c:377:6:FEB_LTC6811_UART_Transmit_Temperature	1296	static
../Core/Src/FEB_LTC6811.c:401:6:FEB_LTC6811_Clear_Temperature	16	static
