../Core/Src/FEB_LTC6811.c:29:6:FEB_LTC6811_Setup	48	static
../Core/Src/FEB_LTC6811.c:40:6:FEB_LTC6811_Config_Cell_Discharge	16	static
../Core/Src/FEB_LTC6811.c:51:6:FEB_LTC6811_Poll_Voltage	8	static
../Core/Src/FEB_LTC6811.c:57:6:FEB_LTC6811_Start_Cell_ADC_Measurement	8	static
../Core/Src/FEB_LTC6811.c:63:6:FEB_LTC6811_Read_Cell_Voltage_Registers	8	static
../Core/Src/FEB_LTC6811.c:68:6:FEB_LTC6811_Store_Voltage	24	static
../Core/Src/FEB_LTC6811.c:94:7:FEB_LTC6811_Convert_Voltage	16	static
../Core/Src/FEB_LTC6811.c:104:9:FEB_LTC6811_Get_IC	16	static
../Core/Src/FEB_LTC6811.c:112:9:FEB_LTC6811_Cell_Idx	16	static
../Core/Src/FEB_LTC6811.c:116:6:FEB_LTC6811_Balance_Cells	4	static
../Core/Src/FEB_LTC6811.c:120:6:FEB_LTC6811_Balance_Cell	24	static
../Core/Src/FEB_LTC6811.c:124:6:FEB_LTC6811_Clear_Balance_Cells	4	static
../Core/Src/FEB_LTC6811.c:128:6:FEB_LTC6811_Clear_Balance_Cell	24	static
../Core/Src/FEB_LTC6811.c:132:6:FEB_LTC6811_Configure_DCCBITS_A	24	static
../Core/Src/FEB_LTC6811.c:141:6:FEB_LTC6811_Validate_Voltage	16	static
../Core/Src/FEB_LTC6811.c:152:6:FEB_LTC6811_UART_Transmit_Voltage	1296	static
../Core/Src/FEB_LTC6811.c:177:7:FEB_LTC6811_Total_Bank_Voltage	16	static
../Core/Src/FEB_LTC6811.c:189:9:FEB_LTC6811_Cells_Charged	24	static
../Core/Src/FEB_LTC6811.c:202:6:FEB_LTC6811_Clear_Voltage	16	static
../Core/Src/FEB_LTC6811.c:212:6:FEB_LTC6811_Poll_Temperature	16	static
../Core/Src/FEB_LTC6811.c:221:6:FEB_LTC6811_Update_GPIO	56	static
../Core/Src/FEB_LTC6811.c:237:6:FEB_LTC6811_Start_GPIO_ADC_Measurement	8	static
../Core/Src/FEB_LTC6811.c:243:6:FEB_LTC6811_Read_Aux_Voltages	8	static
../Core/Src/FEB_LTC6811.c:248:6:FEB_LTC6811_Store_Temperature	32	static
../Core/Src/FEB_LTC6811.c:285:7:FEB_LTC6811_Convert_Temperature	16	static
../Core/Src/FEB_LTC6811.c:296:6:FEB_LTC6811_Validate_Temperature	16	static
../Core/Src/FEB_LTC6811.c:307:6:FEB_LTC6811_UART_Transmit_Temperature	1296	static
../Core/Src/FEB_LTC6811.c:331:6:FEB_LTC6811_Clear_Temperature	16	static
