../Core/Src/FEB_LTC6811.c:23:6:FEB_LTC6811_Setup	48	static
../Core/Src/FEB_LTC6811.c:46:6:FEB_LTC6811_Poll_Voltage	8	static
../Core/Src/FEB_LTC6811.c:52:6:FEB_LTC6811_Start_Cell_ADC_Measurement	8	static
../Core/Src/FEB_LTC6811.c:58:6:FEB_LTC6811_Read_Cell_Voltage_Registers	8	static
../Core/Src/FEB_LTC6811.c:63:6:FEB_LTC6811_Store_Voltage	24	static
../Core/Src/FEB_LTC6811.c:89:7:FEB_LTC6811_Convert_Voltage	16	static
../Core/Src/FEB_LTC6811.c:98:6:FEB_LTC6811_Balance_Cells	16	static
../Core/Src/FEB_LTC6811.c:108:6:FEB_LTC6811_Clear_Balance_Cells	8	static
../Core/Src/FEB_LTC6811.c:117:6:FEB_LTC6811_Validate_Voltage	16	static
../Core/Src/FEB_LTC6811.c:128:6:FEB_LTC6811_UART_Transmit_Voltage	1296	static
../Core/Src/FEB_LTC6811.c:153:7:FEB_LTC6811_Total_Bank_Voltage	16	static
../Core/Src/FEB_LTC6811.c:165:9:FEB_LTC6811_Cells_Charged	24	static
../Core/Src/FEB_LTC6811.c:179:6:FEB_LTC6811_Clear_Voltage	16	static
../Core/Src/FEB_LTC6811.c:189:6:FEB_LTC6811_Poll_Temperature	16	static
../Core/Src/FEB_LTC6811.c:198:6:FEB_LTC6811_Update_GPIO	56	static
../Core/Src/FEB_LTC6811.c:213:6:FEB_LTC6811_Start_GPIO_ADC_Measurement	8	static
../Core/Src/FEB_LTC6811.c:219:6:FEB_LTC6811_Read_Aux_Voltages	8	static
../Core/Src/FEB_LTC6811.c:224:6:FEB_LTC6811_Store_Temperature	32	static
../Core/Src/FEB_LTC6811.c:261:7:FEB_LTC6811_Convert_Temperature	16	static
../Core/Src/FEB_LTC6811.c:272:6:FEB_LTC6811_Validate_Temperature	16	static
../Core/Src/FEB_LTC6811.c:283:6:FEB_LTC6811_UART_Transmit_Temperature	1296	static
../Core/Src/FEB_LTC6811.c:307:6:FEB_LTC6811_Clear_Temperature	16	static
