../Core/Src/FEB_LTC6811.c:23:6:FEB_LTC6811_Setup	48	static
../Core/Src/FEB_LTC6811.c:36:6:FEB_LTC6811_Poll_Voltage	8	static
../Core/Src/FEB_LTC6811.c:42:6:FEB_LTC6811_Start_Cell_ADC_Measurement	8	static
../Core/Src/FEB_LTC6811.c:48:6:FEB_LTC6811_Read_Cell_Voltage_Registers	8	static
../Core/Src/FEB_LTC6811.c:53:6:FEB_LTC6811_Store_Voltage	24	static
../Core/Src/FEB_LTC6811.c:79:7:FEB_LTC6811_Convert_Voltage	16	static
../Core/Src/FEB_LTC6811.c:88:6:FEB_LTC6811_Validate_Voltage	16	static
../Core/Src/FEB_LTC6811.c:100:6:FEB_LTC6811_UART_Transmit_Voltage	1296	static
../Core/Src/FEB_LTC6811.c:127:6:FEB_LTC6811_Poll_Temperature	16	static
../Core/Src/FEB_LTC6811.c:136:6:FEB_LTC6811_Update_GPIO	56	static
../Core/Src/FEB_LTC6811.c:151:6:FEB_LTC6811_Start_GPIO_ADC_Measurement	8	static
../Core/Src/FEB_LTC6811.c:157:6:FEB_LTC6811_Read_Aux_Voltages	8	static
../Core/Src/FEB_LTC6811.c:162:6:FEB_LTC6811_Store_Temperature	32	static
../Core/Src/FEB_LTC6811.c:199:7:FEB_LTC6811_Convert_Temperature	16	static
../Core/Src/FEB_LTC6811.c:209:6:FEB_LTC6811_Validate_Temperature	16	static
../Core/Src/FEB_LTC6811.c:222:6:FEB_LTC6811_UART_Transmit_Temperature	1296	static
