../Core/Src/FEB_Fan.c:19:6:FEB_Fan_Init	8	static
../Core/Src/FEB_Fan.c:29:6:FEB_Fan_PWM_Start	8	static
../Core/Src/FEB_Fan.c:36:6:FEB_Fan_Init_Speed_Set	8	static
../Core/Src/FEB_Fan.c:51:6:FEB_Fan_1_Speed_Set	16	static
../Core/Src/FEB_Fan.c:56:6:FEB_Fan_2_Speed_Set	16	static
../Core/Src/FEB_Fan.c:61:6:FEB_Fan_3_Speed_Set	16	static
../Core/Src/FEB_Fan.c:66:6:FEB_Fan_4_Speed_Set	16	static
../Core/Src/FEB_Fan.c:73:6:FEB_Fan_Reset_Shift_Register	8	static
../Core/Src/FEB_Fan.c:79:6:FEB_Fan_Serial_High	8	static
../Core/Src/FEB_Fan.c:83:6:FEB_Fan_Serial_Low	8	static
../Core/Src/FEB_Fan.c:87:6:FEB_Fan_Clock_High	8	static
../Core/Src/FEB_Fan.c:91:6:FEB_Fan_Clock_Low	8	static
../Core/Src/FEB_Fan.c:95:6:FEB_Fan_Clock_Pulse	8	static
../Core/Src/FEB_Fan.c:104:6:FEB_Fan_Process	16	static
../Core/Src/FEB_Fan.c:115:6:FEB_Fan_Set_Tachometer	24	static
../Core/Src/FEB_Fan.c:127:10:FEB_Fan_Read_Tachometer	24	static
../Core/Src/FEB_Fan.c:138:6:FEB_Fan_Validate_Speed	16	static
