../Core/Src/LTC681x.c:70:6:wakeup_idle	24	static
../Core/Src/LTC681x.c:80:6:wakeup_sleep	24	static
../Core/Src/LTC681x.c:90:6:cmd_68	24	static
../Core/Src/LTC681x.c:111:6:write_68	40	static
../Core/Src/LTC681x.c:151:8:read_68	296	static
../Core/Src/LTC681x.c:191:10:pec15_calc	24	static
../Core/Src/LTC681x.c:208:6:LTC681x_wrcfg	280	static
../Core/Src/LTC681x.c:233:6:LTC681x_wrcfgb	280	static
../Core/Src/LTC681x.c:258:8:LTC681x_rdcfg	288	static
../Core/Src/LTC681x.c:296:8:LTC681x_rdcfgb	288	static
../Core/Src/LTC681x.c:334:6:LTC681x_adcv	24	static
../Core/Src/LTC681x.c:350:6:LTC681x_adax	24	static
../Core/Src/LTC681x.c:365:6:LTC681x_adstat	24	static
../Core/Src/LTC681x.c:380:6:LTC681x_adcvsc	24	static
../Core/Src/LTC681x.c:395:6:LTC681x_adcvax	24	static
../Core/Src/LTC681x.c:415:9:LTC681x_rdcv	48	static
../Core/Src/LTC681x.c:467:8:LTC681x_rdaux	48	static
../Core/Src/LTC681x.c:516:8:LTC681x_rdstat	48	static
../Core/Src/LTC681x.c:637:6:LTC681x_rdcv_reg	24	static
../Core/Src/LTC681x.c:690:6:LTC681x_rdaux_reg	24	static
../Core/Src/LTC681x.c:738:6:LTC681x_rdstat_reg	24	static
../Core/Src/LTC681x.c:773:8:parse_cells	40	static
../Core/Src/LTC681x.c:814:9:LTC681x_pladc	16	static
../Core/Src/LTC681x.c:834:10:LTC681x_pollAdc	24	static
../Core/Src/LTC681x.c:868:6:LTC681x_clrcell	16	static
../Core/Src/LTC681x.c:878:6:LTC681x_clraux	16	static
../Core/Src/LTC681x.c:889:6:LTC681x_clrstat	16	static
../Core/Src/LTC681x.c:895:6:LTC681x_diagn	16	static
../Core/Src/LTC681x.c:901:6:LTC681x_cvst	24	static
../Core/Src/LTC681x.c:916:6:LTC681x_axst	24	static
../Core/Src/LTC681x.c:931:6:LTC681x_statst	24	static
../Core/Src/LTC681x.c:946:6:LTC681x_adol	24	static
../Core/Src/LTC681x.c:961:6:LTC681x_adaxd	24	static
../Core/Src/LTC681x.c:976:6:LTC681x_adstatd	24	static
../Core/Src/LTC681x.c:991:9:LTC681x_run_cell_adc_st	56	static
../Core/Src/LTC681x.c:1067:10:LTC681x_run_adc_overlap	32	static
../Core/Src/LTC681x.c:1094:9:LTC681x_run_adc_redundancy_st	40	static
../Core/Src/LTC681x.c:1142:10:LTC681x_st_lookup	24	static
../Core/Src/LTC681x.c:1178:6:LTC681x_adow	32	static
../Core/Src/LTC681x.c:1195:6:LTC681x_axow	24	static
../Core/Src/LTC681x.c:1210:6:LTC681x_run_openwire_single	280	dynamic
../Core/Src/LTC681x.c:1287:6:LTC681x_run_openwire_multi	320	dynamic
../Core/Src/LTC681x.c:1432:6:LTC681x_run_gpio_openwire	280	dynamic
../Core/Src/LTC681x.c:1509:6:LTC681x_clear_discharge	24	static
../Core/Src/LTC681x.c:1521:6:LTC681x_wrpwm	280	static
../Core/Src/LTC681x.c:1555:8:LTC681x_rdpwm	296	static
../Core/Src/LTC681x.c:1601:6:LTC681x_wrsctrl	280	static
../Core/Src/LTC681x.c:1635:8:LTC681x_rdsctrl	296	static
../Core/Src/LTC681x.c:1685:6:LTC681x_stsctrl	16	static
../Core/Src/LTC681x.c:1705:6:LTC681x_clrsctrl	16	static
../Core/Src/LTC681x.c:1711:6:LTC681x_wrcomm	280	static
../Core/Src/LTC681x.c:1735:8:LTC681x_rdcomm	288	static
../Core/Src/LTC681x.c:1772:6:LTC681x_stcomm	32	static
../Core/Src/LTC681x.c:1792:6:LTC681x_check_pec	48	static
../Core/Src/LTC681x.c:1844:6:LTC681x_reset_crc_count	32	static
../Core/Src/LTC681x.c:1864:6:LTC681x_init_cfg	24	static
../Core/Src/LTC681x.c:1875:6:LTC681x_set_cfgr	16	static
../Core/Src/LTC681x.c:1895:6:LTC681x_set_cfgr_refon	16	static
../Core/Src/LTC681x.c:1903:6:LTC681x_set_cfgr_adcopt	16	static
../Core/Src/LTC681x.c:1911:6:LTC681x_set_cfgr_gpio	32	static
../Core/Src/LTC681x.c:1921:6:LTC681x_set_cfgr_dis	32	static
../Core/Src/LTC681x.c:1937:6:LTC681x_set_cfgr_dcto	32	static
../Core/Src/LTC681x.c:1947:6:LTC681x_set_cfgr_uv	24	static
../Core/Src/LTC681x.c:1955:6:LTC681x_set_cfgr_ov	24	static
