../Core/Src/LTC6811.c:65:6:LTC6811_init_reg_limits	24	static
../Core/Src/LTC6811.c:83:6:LTC6811_wrcfg	16	static
../Core/Src/LTC6811.c:90:8:LTC6811_rdcfg	24	static
../Core/Src/LTC6811.c:99:6:LTC6811_adcv	16	static
../Core/Src/LTC6811.c:107:6:LTC6811_adax	16	static
../Core/Src/LTC6811.c:114:6:LTC6811_adstat	16	static
../Core/Src/LTC6811.c:121:6:LTC6811_adcvax	16	static
../Core/Src/LTC6811.c:128:6:LTC6811_adcvsc	16	static
../Core/Src/LTC6811.c:139:9:LTC6811_rdcv	24	static
../Core/Src/LTC6811.c:153:8:LTC6811_rdaux	24	static
../Core/Src/LTC6811.c:168:8:LTC6811_rdstat	24	static
../Core/Src/LTC6811.c:178:9:LTC6811_pladc	8	static
../Core/Src/LTC6811.c:183:10:LTC6811_pollAdc	8	static
../Core/Src/LTC6811.c:191:6:LTC6811_clrcell	8	static
../Core/Src/LTC6811.c:199:6:LTC6811_clraux	8	static
../Core/Src/LTC6811.c:207:6:LTC6811_clrstat	8	static
../Core/Src/LTC6811.c:212:6:LTC6811_diagn	8	static
../Core/Src/LTC6811.c:217:6:LTC6811_cvst	16	static
../Core/Src/LTC6811.c:224:6:LTC6811_axst	16	static
../Core/Src/LTC6811.c:231:6:LTC6811_statst	16	static
../Core/Src/LTC6811.c:238:6:LTC6811_adol	16	static
../Core/Src/LTC6811.c:245:6:LTC6811_adaxd	16	static
../Core/Src/LTC6811.c:252:6:LTC6811_adstatd	16	static
../Core/Src/LTC6811.c:259:9:LTC6811_run_cell_adc_st	32	static
../Core/Src/LTC6811.c:271:10:LTC6811_run_adc_overlap	24	static
../Core/Src/LTC6811.c:280:9:LTC6811_run_adc_redundancy_st	24	static
../Core/Src/LTC6811.c:291:6:LTC6811_adow	24	static
../Core/Src/LTC6811.c:300:6:LTC6811_run_openwire_single	16	static
../Core/Src/LTC6811.c:307:6:LTC6811_run_openwire_multi	16	static
../Core/Src/LTC6811.c:314:6:LTC6811_set_discharge	32	static
../Core/Src/LTC6811.c:332:6:LTC6811_clear_discharge	16	static
../Core/Src/LTC6811.c:337:6:LTC6811_wrpwm	16	static
../Core/Src/LTC6811.c:345:8:LTC6811_rdpwm	24	static
../Core/Src/LTC6811.c:355:6:LTC6811_wrsctrl	16	static
../Core/Src/LTC6811.c:363:8:LTC6811_rdsctrl	24	static
../Core/Src/LTC6811.c:376:6:LTC6811_stsctrl	8	static
../Core/Src/LTC6811.c:385:6:LTC6811_clrsctrl	8	static
../Core/Src/LTC6811.c:390:6:LTC6811_wrcomm	16	static
../Core/Src/LTC6811.c:397:8:LTC6811_rdcomm	24	static
../Core/Src/LTC6811.c:406:6:LTC6811_stcomm	16	static
../Core/Src/LTC6811.c:411:6:LTC6811_check_pec	16	static
../Core/Src/LTC6811.c:419:6:LTC6811_reset_crc_count	16	static
../Core/Src/LTC6811.c:426:6:LTC6811_init_cfg	16	static
../Core/Src/LTC6811.c:433:6:LTC6811_set_cfgr	40	static
../Core/Src/LTC6811.c:447:6:LTC6811_set_cfgr_refon	16	static
../Core/Src/LTC6811.c:452:6:LTC6811_set_cfgr_adcopt	16	static
../Core/Src/LTC6811.c:457:6:LTC6811_set_cfgr_gpio	24	static
../Core/Src/LTC6811.c:462:6:LTC6811_set_cfgr_dis	24	static
../Core/Src/LTC6811.c:467:6:LTC6811_set_cfgr_dcto	24	static
../Core/Src/LTC6811.c:472:6:LTC6811_set_cfgr_uv	16	static
../Core/Src/LTC6811.c:477:6:LTC6811_set_cfgr_ov	16	static
