../Core/Inc/FEB_temp_volt.h:21:7:getTemperature	32	static
../Core/Inc/FEB_charge_CAN.h:53:6:FEB_set_rx_flag	4	static
../Core/Inc/FEB_charge_CAN.h:57:6:FEB_reset_rx_flag	4	static
../Core/Inc/FEB_charge_CAN.h:61:6:FEB_CAN_Filter_Config	56	static
../Core/Inc/FEB_charge_CAN.h:80:6:HAL_CAN_RxFifo0MsgPendingCallback	16	static
../Core/Inc/FEB_charge_CAN.h:87:6:store_charger_msg	24	static
../Core/Inc/FEB_charge_CAN.h:97:6:FEB_CAN_Init	16	static
../Core/Inc/FEB_charge_CAN.h:116:6:FEB_CAN_Transmit	16	static
../Core/Src/main.c:171:7:getVoltage	16	static
../Core/Src/main.c:180:8:pollTemperature	56	static
../Core/Src/main.c:212:5:main	1368	static
../Core/Src/main.c:487:6:SystemClock_Config	88	static
../Core/Src/main.c:535:13:MX_CAN1_Init	8	static
../Core/Src/main.c:572:13:MX_SPI1_Init	8	static
../Core/Src/main.c:610:13:MX_USART2_UART_Init	8	static
../Core/Src/main.c:643:13:MX_GPIO_Init	40	static
../Core/Src/main.c:682:6:Error_Handler	4	static,ignoring_inline_asm
