../Core/Src/main.c:85:5:main	8	static
../Core/Src/main.c:183:6:SystemClock_Config	88	static
../Core/Src/main.c:231:13:MX_ADC1_Init	24	static
../Core/Src/main.c:283:13:MX_ADC2_Init	24	static
../Core/Src/main.c:335:13:MX_CAN1_Init	8	static
../Core/Src/main.c:372:13:MX_CAN2_Init	8	static
../Core/Src/main.c:409:13:MX_SPI1_Init	8	static
../Core/Src/main.c:447:13:MX_TIM1_Init	96	static
../Core/Src/main.c:526:13:MX_TIM2_Init	64	static
../Core/Src/main.c:589:13:MX_TIM4_Init	32	static
../Core/Src/main.c:634:13:MX_USART2_UART_Init	8	static
../Core/Src/main.c:667:13:MX_GPIO_Init	40	static
../Core/Src/main.c:706:6:Error_Handler	4	static,ignoring_inline_asm
