../Core/Inc/FEB_CAN_NODE.h:29:6:Store_EMERGENCY_Msg	24	static
../Core/Inc/FEB_CAN_NODE.h:55:6:Store_BMS_Msg	24	static
../Core/Inc/FEB_CAN_NODE.h:87:6:Store_SW_Msg	24	static
../Core/Inc/FEB_CAN_NODE.h:125:6:Store_APPS_Msg	24	static
../Core/Inc/FEB_CAN_NODE.h:163:22:assign_filter_array	16	static
../Core/Inc/FEB_CAN_NODE.h:181:19:assign_filter_array_legnth	16	static
../Core/Inc/FEB_CAN_NODE.h:199:6:store_msg	16	static
../Core/Inc/FEB_CAN.h:13:6:FEB_CAN_Filter_Config	72	static
../Core/Inc/FEB_CAN.h:35:6:FEB_CAN_Init	32	static
../Core/Inc/FEB_CAN.h:69:6:FEB_CAN_Receive	16	static
../Core/Inc/FEB_CAN.h:76:6:FEB_CAN_Transmit	24	static
../Core/Inc/FEB_CAN.h:94:6:HAL_CAN_RxFifo0MsgPendingCallback	16	static
../Core/Inc/FEB_CAN.h:99:6:HAL_CAN_RxFifo1MsgPendingCallback	16	static
../Core/Src/main.c:101:7:FEB_Normalized_Acc_Pedals	24	static
../Core/Src/main.c:155:7:FEB_Normalized_Brake_Pedals	16	static
../Core/Src/main.c:169:6:FEB_APPS_sendBrake	8	static
../Core/Src/main.c:173:6:FEB_RMS_updateTorque	16	static
../Core/Src/main.c:178:6:FEB_RMS_setTorque	16	static
../Core/Src/main.c:183:6:FEB_RMS_enable	8	static
../Core/Src/main.c:188:6:FEB_RMS_disable	8	static
../Core/Src/main.c:193:6:FEB_RMS_Init	32	static
../Core/Src/main.c:242:5:main	176	static
../Core/Src/main.c:321:6:SystemClock_Config	88	static
../Core/Src/main.c:368:13:MX_ADC1_Init	56	static
../Core/Src/main.c:455:13:MX_CAN1_Init	8	static
../Core/Src/main.c:492:13:MX_TIM5_Init	32	static
../Core/Src/main.c:537:13:MX_USART2_UART_Init	8	static
../Core/Src/main.c:570:13:MX_GPIO_Init	48	static
../Core/Src/main.c:596:6:Error_Handler	4	static,ignoring_inline_asm
