../Core/Inc/FEB_CAN_NODE.h:29:6:Store_EMERGENCY_Msg	24	static
../Core/Inc/FEB_CAN_NODE.h:55:6:Store_BMS_Msg	24	static
../Core/Inc/FEB_CAN_NODE.h:87:6:Store_SW_Msg	24	static
../Core/Inc/FEB_CAN_NODE.h:125:6:Store_APPS_Msg	24	static
../Core/Inc/FEB_CAN_NODE.h:163:22:assign_filter_array	16	static
../Core/Inc/FEB_CAN_NODE.h:181:19:assign_filter_array_legnth	16	static
../Core/Inc/FEB_CAN_NODE.h:199:6:store_msg	16	static
../Core/Inc/FEB_CAN.h:13:6:FEB_CAN_Filter_Config	72	static
../Core/Inc/FEB_CAN.h:35:6:FEB_CAN_Init	32	static
../Core/Inc/FEB_CAN.h:69:6:FEB_CAN_Receive	16	static
../Core/Inc/FEB_CAN.h:76:6:FEB_CAN_Transmit	24	static
../Core/Inc/FEB_CAN.h:94:6:HAL_CAN_RxFifo0MsgPendingCallback	16	static
../Core/Inc/FEB_CAN.h:99:6:HAL_CAN_RxFifo1MsgPendingCallback	16	static
../Core/Src/main.c:100:7:FEB_Normalized_Acc_Pedals	24	static
../Core/Src/main.c:146:7:FEB_Normalized_Brake_Pedals	16	static
../Core/Src/main.c:156:6:FEB_APPS_sendBrake	8	static
../Core/Src/main.c:160:6:FEB_RMS_updateTorque	16	static
../Core/Src/main.c:165:6:FEB_RMS_setTorque	16	static
../Core/Src/main.c:170:6:FEB_RMS_enable	8	static
../Core/Src/main.c:175:6:FEB_RMS_disable	8	static
../Core/Src/main.c:180:6:FEB_RMS_Init	32	static
../Core/Src/main.c:232:5:main	160	static
../Core/Src/main.c:310:6:SystemClock_Config	88	static
../Core/Src/main.c:357:13:MX_ADC1_Init	24	static
../Core/Src/main.c:454:13:MX_CAN1_Init	8	static
../Core/Src/main.c:491:13:MX_USART2_UART_Init	8	static
../Core/Src/main.c:522:13:MX_DMA_Init	16	static
../Core/Src/main.c:540:13:MX_GPIO_Init	48	static
../Core/Src/main.c:566:6:Error_Handler	4	static,ignoring_inline_asm
