../Core/Inc/FEB_CAN_NODE.h:29:6:Store_EMERGENCY_Msg	24	static
../Core/Inc/FEB_CAN_NODE.h:55:6:Store_BMS_Msg	24	static
../Core/Inc/FEB_CAN_NODE.h:87:6:Store_SW_Msg	24	static
../Core/Inc/FEB_CAN_NODE.h:125:6:Store_APPS_Msg	24	static
../Core/Inc/FEB_CAN_NODE.h:159:22:assign_filter_array	16	static
../Core/Inc/FEB_CAN_NODE.h:177:19:assign_filter_array_legnth	16	static
../Core/Inc/FEB_CAN_NODE.h:195:6:store_msg	16	static
../Core/Inc/FEB_CAN.h:15:6:FEB_CAN_Filter_Config	112	static
../Core/Inc/FEB_CAN.h:57:6:FEB_CAN_Init	32	static
../Core/Inc/FEB_CAN.h:91:6:FEB_CAN_Receive	16	static
../Core/Inc/FEB_CAN.h:107:6:FEB_CAN_Transmit	24	static
../Core/Inc/FEB_CAN.h:125:6:HAL_CAN_RxFifo0MsgPendingCallback	16	static
../Core/Inc/FEB_CAN.h:129:6:HAL_CAN_RxFifo1MsgPendingCallback	16	static
../Core/Src/main.c:101:7:FEB_Normalized_Acc_Pedals	160	static
../Core/Src/main.c:152:7:FEB_Normalized_Brake_Pedals	144	static
../Core/Src/main.c:171:6:FEB_APPS_sendBrake	8	static
../Core/Src/main.c:175:6:FEB_RMS_updateTorque	16	static
../Core/Src/main.c:180:6:FEB_RMS_setTorque	16	static
../Core/Src/main.c:185:6:FEB_RMS_enable	8	static
../Core/Src/main.c:190:6:FEB_RMS_disable	8	static
../Core/Src/main.c:195:6:FEB_RMS_Init	48	static
../Core/Src/main.c:246:5:main	200	static
../Core/Src/main.c:326:6:SystemClock_Config	88	static
../Core/Src/main.c:373:13:MX_ADC1_Init	56	static
../Core/Src/main.c:460:13:MX_CAN1_Init	8	static
../Core/Src/main.c:497:13:MX_TIM5_Init	32	static
../Core/Src/main.c:542:13:MX_USART2_UART_Init	8	static
../Core/Src/main.c:575:13:MX_GPIO_Init	48	static
../Core/Src/main.c:601:6:Error_Handler	4	static,ignoring_inline_asm
