../Core/Inc/FEB_CAN_NODE.h:29:6:Store_EMERGENCY_Msg	24	static
../Core/Inc/FEB_CAN_NODE.h:55:6:Store_BMS_Msg	24	static
../Core/Inc/FEB_CAN_NODE.h:78:6:Store_SM_Msg	24	static
../Core/Inc/FEB_CAN_NODE.h:107:6:Store_APPS_Msg	24	static
../Core/Inc/FEB_CAN_NODE.h:141:22:assign_filter_array	16	static
../Core/Inc/FEB_CAN_NODE.h:159:19:assign_filter_array_legnth	16	static
../Core/Inc/FEB_CAN_NODE.h:177:6:store_msg	16	static
../Core/Inc/FEB_CAN.h:13:6:FEB_CAN_Filter_Config	72	static
../Core/Inc/FEB_CAN.h:35:6:FEB_CAN_Init	32	static
../Core/Inc/FEB_CAN.h:69:6:FEB_CAN_Receive	16	static
../Core/Inc/FEB_CAN.h:76:6:FEB_CAN_Transmit	24	static
../Core/Inc/FEB_CAN.h:94:6:HAL_CAN_RxFifo0MsgPendingCallback	16	static
../Core/Inc/FEB_CAN.h:99:6:HAL_CAN_RxFifo1MsgPendingCallback	16	static
../Core/Src/main.c:81:7:getPedal	16	static
../Core/Src/main.c:85:7:FEB_Normalized_Acc_Pedals	32	static
../Core/Src/main.c:105:6:FEB_RMS_updateTorque	16	static
../Core/Src/main.c:110:6:FEB_RMS_setTorque	16	static
../Core/Src/main.c:115:6:FEB_RMS_enable	8	static
../Core/Src/main.c:120:6:FEB_RMS_disable	8	static
../Core/Src/main.c:125:6:FEB_RMS_Init	24	static
../Core/Src/main.c:156:5:main	144	static
../Core/Src/main.c:278:6:SystemClock_Config	88	static
../Core/Src/main.c:325:13:MX_ADC1_Init	24	static
../Core/Src/main.c:422:13:MX_CAN1_Init	8	static
../Core/Src/main.c:459:13:MX_USART2_UART_Init	8	static
../Core/Src/main.c:490:13:MX_DMA_Init	16	static
../Core/Src/main.c:508:13:MX_GPIO_Init	48	static
../Core/Src/main.c:534:6:Error_Handler	4	static,ignoring_inline_asm
