../Core/Inc/FEB_CAN_NODE.h:29:6:Store_EMERGENCY_Msg	24	static
../Core/Inc/FEB_CAN_NODE.h:55:6:Store_BMS_Msg	24	static
../Core/Inc/FEB_CAN_NODE.h:78:6:Store_SW_Msg	24	static
../Core/Inc/FEB_CAN_NODE.h:107:6:Store_APPS_Msg	24	static
../Core/Inc/FEB_CAN_NODE.h:141:22:assign_filter_array	16	static
../Core/Inc/FEB_CAN_NODE.h:159:19:assign_filter_array_legnth	16	static
../Core/Inc/FEB_CAN_NODE.h:177:6:store_msg	16	static
../Core/Inc/FEB_CAN.h:13:6:FEB_CAN_Filter_Config	72	static
../Core/Inc/FEB_CAN.h:35:6:FEB_CAN_Init	32	static
../Core/Inc/FEB_CAN.h:69:6:FEB_CAN_Receive	16	static
../Core/Inc/FEB_CAN.h:76:6:FEB_CAN_Transmit	24	static
../Core/Inc/FEB_CAN.h:94:6:HAL_CAN_RxFifo0MsgPendingCallback	16	static
../Core/Inc/FEB_CAN.h:99:6:HAL_CAN_RxFifo1MsgPendingCallback	16	static
../Core/Src/main.c:98:7:FEB_Normalized_Acc_Pedals	24	static
../Core/Src/main.c:144:7:FEB_Normalized_Brake_Pedals	16	static
../Core/Src/main.c:153:6:FEB_APPS_sendBrake	8	static
../Core/Src/main.c:157:6:FEB_RMS_updateTorque	16	static
../Core/Src/main.c:162:6:FEB_RMS_setTorque	16	static
../Core/Src/main.c:167:6:FEB_RMS_enable	8	static
../Core/Src/main.c:172:6:FEB_RMS_disable	8	static
../Core/Src/main.c:177:6:FEB_RMS_Init	24	static
../Core/Src/main.c:210:5:main	160	static
../Core/Src/main.c:345:6:SystemClock_Config	88	static
../Core/Src/main.c:392:13:MX_ADC1_Init	24	static
../Core/Src/main.c:489:13:MX_CAN1_Init	8	static
../Core/Src/main.c:526:13:MX_USART2_UART_Init	8	static
../Core/Src/main.c:557:13:MX_DMA_Init	16	static
../Core/Src/main.c:575:13:MX_GPIO_Init	48	static
../Core/Src/main.c:601:6:Error_Handler	4	static,ignoring_inline_asm
