../Core/Inc/FEB_CAN_NODE.h:29:6:Store_EMERGENCY_Msg	24	static
../Core/Inc/FEB_CAN_NODE.h:55:6:Store_BMS_Msg	24	static
../Core/Inc/FEB_CAN_NODE.h:87:6:Store_SW_Msg	24	static
../Core/Inc/FEB_CAN_NODE.h:125:6:Store_APPS_Msg	24	static
../Core/Inc/FEB_CAN_NODE.h:163:22:assign_filter_array	16	static
../Core/Inc/FEB_CAN_NODE.h:181:19:assign_filter_array_legnth	16	static
../Core/Inc/FEB_CAN_NODE.h:199:6:store_msg	16	static
../Core/Inc/FEB_CAN.h:15:6:FEB_CAN_Filter_Config	112	static
../Core/Inc/FEB_CAN.h:57:6:FEB_CAN_Init	32	static
../Core/Inc/FEB_CAN.h:91:6:FEB_CAN_Receive	144	static
../Core/Inc/FEB_CAN.h:107:6:FEB_CAN_Transmit	24	static
../Core/Inc/FEB_CAN.h:125:6:HAL_CAN_RxFifo0MsgPendingCallback	16	static
../Core/Inc/FEB_CAN.h:129:6:HAL_CAN_RxFifo1MsgPendingCallback	16	static
../Core/Src/main.c:101:7:FEB_Normalized_Acc_Pedals	24	static
../Core/Src/main.c:152:7:FEB_Normalized_Brake_Pedals	16	static
../Core/Src/main.c:167:6:FEB_APPS_sendBrake	8	static
../Core/Src/main.c:171:6:FEB_RMS_updateTorque	16	static
../Core/Src/main.c:176:6:FEB_RMS_setTorque	16	static
../Core/Src/main.c:181:6:FEB_RMS_enable	8	static
../Core/Src/main.c:186:6:FEB_RMS_disable	8	static
../Core/Src/main.c:191:6:FEB_RMS_Init	48	static
../Core/Src/main.c:242:5:main	200	static
../Core/Src/main.c:324:6:SystemClock_Config	88	static
../Core/Src/main.c:371:13:MX_ADC1_Init	56	static
../Core/Src/main.c:458:13:MX_CAN1_Init	8	static
../Core/Src/main.c:495:13:MX_TIM5_Init	32	static
../Core/Src/main.c:540:13:MX_USART2_UART_Init	8	static
../Core/Src/main.c:573:13:MX_GPIO_Init	48	static
../Core/Src/main.c:599:6:Error_Handler	4	static,ignoring_inline_asm
